00:00.438  blend            | Read blend: "D:\something\my-life-os-shooting-scene\models_src\house-split.blend"

== A. 第二跑区域朝上面 ==
-- FLOOR_01 (25) --
x  -5.39.. -5.37  y  3.21.. 3.44  z  3.17.. 3.18
x  -5.39.. -5.37  y  3.47.. 3.70  z  3.17.. 3.18
x  -5.39.. -5.37  y  3.73.. 3.96  z  3.17.. 3.18
x  -5.39.. -5.37  y  3.99.. 4.22  z  3.17.. 3.18
x  -5.39.. -5.37  y  4.26.. 4.49  z  3.17.. 3.18
x  -5.39.. -5.37  y  4.52.. 4.75  z  3.17.. 3.18
x  -5.39.. -5.37  y  4.78.. 4.91  z  3.17.. 3.18
x  -3.69.. -3.68  y  2.95.. 3.18  z  3.17.. 3.18
x  -3.68.. -3.67  y  2.95.. 3.18  z  3.17.. 3.18
x  -5.39.. -5.37  y  3.21.. 3.44  z  6.17.. 6.18
x  -5.39.. -5.37  y  3.47.. 3.70  z  6.17.. 6.18
x  -5.39.. -5.37  y  3.73.. 3.96  z  6.17.. 6.18
x  -5.39.. -5.37  y  3.99.. 4.22  z  6.17.. 6.18
x  -5.39.. -5.37  y  4.26.. 4.49  z  6.17.. 6.18
x  -5.39.. -5.37  y  4.52.. 4.75  z  6.17.. 6.18
x  -5.39.. -5.37  y  4.78.. 4.91  z  6.17.. 6.18
x  -3.69.. -3.68  y  2.95.. 3.18  z  6.17.. 6.18
x  -3.68.. -3.67  y  2.95.. 3.18  z  6.17.. 6.18
x  -0.53.. -0.51  y  3.21.. 3.44  z  6.17.. 6.18
x  -0.53.. -0.51  y  3.47.. 3.70  z  6.17.. 6.18
x  -0.53.. -0.51  y  3.73.. 3.96  z  6.17.. 6.18
x  -0.53.. -0.51  y  3.99.. 4.22  z  6.17.. 6.18
x  -0.53.. -0.51  y  4.26.. 4.49  z  6.17.. 6.18
x  -0.53.. -0.51  y  4.52.. 4.75  z  6.17.. 6.18
x  -0.53.. -0.51  y  4.78.. 4.93  z  6.17.. 6.18
-- STAIRS_01 (1) --
x  -0.81.. -0.53  y  3.22.. 4.80  z  3.18.. 3.18
-- TRIM_01 (4) --
x  -9.53.. -0.04  y  4.89.. 5.07  z  3.21.. 3.21
x  -3.75.. -0.49  y  3.16.. 3.20  z  4.05.. 4.05
x  -3.61.. -0.49  y  3.15.. 3.16  z  4.13.. 4.13
x  -3.61.. -0.49  y  3.16.. 3.20  z  4.13.. 4.13
-- WALL_01 (233) --
x  -5.40.. -1.54  y  4.96.. 5.00  z  3.07.. 3.07
x  -5.85.. -5.37  y  4.89.. 5.08  z  3.09.. 3.09
x  -5.16.. -5.14  y  4.90.. 5.06  z  3.09.. 3.11
x  -5.14.. -5.11  y  4.88.. 4.90  z  3.09.. 3.11
x  -5.11.. -5.09  y  4.90.. 5.06  z  3.09.. 3.11
x  -4.67.. -4.65  y  4.90.. 5.06  z  3.09.. 3.11
x  -4.65.. -4.61  y  4.88.. 4.90  z  3.09.. 3.11
x  -4.61.. -4.59  y  4.90.. 5.06  z  3.09.. 3.11
x  -4.17.. -4.15  y  4.90.. 5.06  z  3.09.. 3.11
x  -4.15.. -4.12  y  4.88.. 4.90  z  3.09.. 3.11
x  -4.12.. -4.10  y  4.90.. 5.06  z  3.09.. 3.11
x  -3.68.. -3.66  y  4.90.. 5.06  z  3.09.. 3.11
x  -3.66.. -3.63  y  4.88.. 4.90  z  3.09.. 3.11
x  -3.63.. -3.61  y  4.90.. 5.06  z  3.09.. 3.11
x  -3.18.. -3.16  y  4.90.. 5.06  z  3.09.. 3.11
x  -3.16.. -3.13  y  4.88.. 4.90  z  3.09.. 3.11
x  -3.13.. -3.11  y  4.90.. 5.06  z  3.09.. 3.11
x  -2.69.. -2.67  y  4.90.. 5.06  z  3.09.. 3.11
x  -2.67.. -2.64  y  4.88.. 4.90  z  3.09.. 3.11
x  -2.64.. -2.62  y  4.90.. 5.06  z  3.09.. 3.11
x  -0.62.. -0.14  y  4.89.. 5.08  z  3.09.. 3.09
x  -5.14.. -5.11  y  4.90.. 5.06  z  3.11.. 3.11
x  -4.65.. -4.61  y  4.90.. 5.06  z  3.11.. 3.11
x  -4.15.. -4.12  y  4.90.. 5.06  z  3.11.. 3.11
x  -3.66.. -3.63  y  4.90.. 5.06  z  3.11.. 3.11
x  -3.16.. -3.13  y  4.90.. 5.06  z  3.11.. 3.11
x  -2.67.. -2.64  y  4.90.. 5.06  z  3.11.. 3.11
x  -5.41.. -5.40  y  3.14.. 4.88  z  3.18.. 3.19
x  -5.41.. -5.40  y  3.14.. 4.88  z  3.18.. 3.19
x  -5.41.. -5.40  y  3.14.. 3.21  z  3.18.. 3.19
x  -5.40.. -5.33  y  3.13.. 3.14  z  3.18.. 3.19
x  -5.40.. -5.33  y  3.13.. 3.14  z  3.18.. 3.19
x  -5.40.. -5.33  y  4.88.. 4.89  z  3.18.. 3.19
x  -5.40.. -5.33  y  4.88.. 4.89  z  3.18.. 3.19
x  -5.40.. -0.44  y  3.13.. 3.14  z  3.18.. 3.19
x  -5.40.. -0.44  y  3.21.. 3.22  z  3.18.. 3.19
x  -5.33.. -5.32  y  3.14.. 4.88  z  3.18.. 3.19
x  -5.33.. -5.32  y  3.14.. 4.88  z  3.18.. 3.19
x  -3.72.. -3.65  y  3.19.. 3.20  z  3.18.. 3.19
x  -9.53.. -0.04  y  4.87.. 4.89  z  3.19.. 3.21
x  -5.40.. -5.33  y  3.14.. 4.88  z  3.19.. 3.19
x  -5.40.. -5.33  y  3.14.. 4.88  z  3.19.. 3.19
x  -5.40.. -0.44  y  3.14.. 3.21  z  3.19.. 3.19
x  -5.52.. -1.00  y  3.13.. 3.21  z  3.22.. 6.18
x  -5.52.. -1.00  y  4.80.. 4.88  z  3.22.. 6.18
x  -5.36.. -5.35  y  3.21.. 4.80  z  3.25.. 3.26
x  -5.35.. -5.07  y  3.21.. 3.21  z  3.25.. 3.26
x  -5.35.. -5.07  y  4.80.. 4.81  z  3.25.. 3.26
x  -5.07.. -5.06  y  3.21.. 4.80  z  3.25.. 3.26
x  -5.35.. -5.07  y  3.21.. 4.80  z  3.26.. 3.26
x  -4.80.. -4.60  y  3.17.. 3.18  z  3.34.. 3.47
x  -4.80.. -4.61  y  3.18.. 3.18  z  3.34.. 3.47
x  -4.80.. -4.60  y  3.18.. 3.19  z  3.34.. 3.47
x  -5.06.. -5.05  y  3.21.. 4.80  z  3.44.. 3.45
x  -5.05.. -4.77  y  3.21.. 3.21  z  3.44.. 3.45
x  -5.05.. -4.77  y  4.80.. 4.81  z  3.44.. 3.45
x  -4.77.. -4.76  y  3.21.. 4.80  z  3.44.. 3.45
x  -5.05.. -4.77  y  3.21.. 4.80  z  3.45.. 3.45
x  -4.61.. -4.60  y  3.18.. 3.18  z  3.47.. 3.48
x  -4.60.. -0.49  y  3.17.. 3.18  z  3.47.. 3.48
x  -4.60.. -0.49  y  3.18.. 3.19  z  3.47.. 3.48
x  -0.49.. -0.49  y  3.18.. 3.18  z  3.47.. 3.48
x  -4.60.. -0.49  y  3.18.. 3.18  z  3.48.. 3.48
x  -4.48.. -4.28  y  3.17.. 3.18  z  3.56.. 3.68
x  -4.48.. -4.28  y  3.18.. 3.18  z  3.56.. 3.68
x  -4.48.. -4.28  y  3.18.. 3.19  z  3.56.. 3.68
x  -4.76.. -4.75  y  3.21.. 4.80  z  3.64.. 3.65
x  -4.75.. -4.46  y  3.21.. 3.21  z  3.64.. 3.65
x  -4.75.. -4.46  y  4.80.. 4.81  z  3.64.. 3.65
x  -4.46.. -4.45  y  3.21.. 4.80  z  3.64.. 3.65
x  -4.75.. -4.46  y  3.21.. 4.80  z  3.65.. 3.65
x  -4.28.. -0.49  y  3.17.. 3.18  z  3.68.. 3.69
x  -4.28.. -0.49  y  3.18.. 3.19  z  3.68.. 3.69
x  -0.49.. -0.49  y  3.18.. 3.18  z  3.68.. 3.69
x  -4.28.. -4.28  y  3.18.. 3.18  z  3.68.. 3.69
x  -4.28.. -0.49  y  3.18.. 3.18  z  3.69.. 3.69
x  -4.15.. -3.94  y  3.17.. 3.18  z  3.77.. 3.90
x  -4.15.. -3.95  y  3.18.. 3.18  z  3.77.. 3.90
x  -4.15.. -3.94  y  3.18.. 3.19  z  3.77.. 3.90
x  -4.45.. -4.44  y  3.21.. 4.80  z  3.83.. 3.84
x  -4.44.. -4.16  y  3.21.. 3.21  z  3.83.. 3.84
x  -4.44.. -4.16  y  4.80.. 4.81  z  3.83.. 3.84
x  -4.16.. -4.15  y  3.21.. 4.80  z  3.83.. 3.84
x  -4.44.. -4.16  y  3.21.. 4.80  z  3.84.. 3.84
x  -3.95.. -3.94  y  3.18.. 3.18  z  3.90.. 3.90
x  -3.94.. -0.49  y  3.17.. 3.18  z  3.90.. 3.90
x  -3.94.. -0.49  y  3.18.. 3.19  z  3.90.. 3.90
x  -0.49.. -0.49  y  3.18.. 3.18  z  3.90.. 3.90
x  -3.94.. -0.49  y  3.18.. 3.18  z  3.90.. 3.90
x  -3.81.. -3.75  y  3.16.. 3.20  z  3.99.. 4.04
x  -5.48.. -5.46  y  4.91.. 5.06  z  4.01.. 4.03
x  -4.15.. -4.14  y  3.21.. 4.80  z  4.03.. 4.04
x  -4.14.. -3.86  y  3.21.. 3.21  z  4.03.. 4.04
x  -4.14.. -3.86  y  4.80.. 4.81  z  4.03.. 4.04
x  -3.86.. -3.85  y  3.21.. 4.80  z  4.03.. 4.04
x  -4.14.. -3.86  y  3.21.. 4.80  z  4.04.. 4.04
x  -3.75.. -3.75  y  3.16.. 3.20  z  4.04.. 4.05
x  -3.75.. -0.49  y  3.15.. 3.16  z  4.04.. 4.05
x  -3.75.. -0.49  y  3.20.. 3.20  z  4.04.. 4.05
x  -0.49.. -0.49  y  3.16.. 3.20  z  4.04.. 4.05
x  -3.69.. -3.61  y  3.15.. 3.16  z  4.08.. 4.13
x  -3.69.. -3.62  y  3.16.. 3.20  z  4.08.. 4.13
x  -3.69.. -3.61  y  3.20.. 3.20  z  4.08.. 4.13
x  -3.62.. -3.61  y  3.16.. 3.20  z  4.13.. 4.13
x  -3.61.. -0.49  y  3.20.. 3.20  z  4.13.. 4.13
x  -0.49.. -0.49  y  3.16.. 3.20  z  4.13.. 4.13
x  -3.85.. -3.84  y  3.21.. 4.80  z  4.22.. 4.23
x  -3.84.. -3.55  y  3.21.. 3.21  z  4.22.. 4.23
x  -3.84.. -3.55  y  4.80.. 4.81  z  4.22.. 4.23
x  -3.55.. -3.55  y  3.21.. 4.80  z  4.22.. 4.23
x  -3.84.. -3.55  y  3.21.. 4.80  z  4.23.. 4.23
x  -3.55.. -3.54  y  3.21.. 4.80  z  4.42.. 4.43
x  -3.54.. -3.25  y  3.21.. 3.21  z  4.42.. 4.43
x  -3.54.. -3.25  y  4.80.. 4.81  z  4.42.. 4.43
x  -3.25.. -3.24  y  3.21.. 4.80  z  4.42.. 4.43
x  -3.54.. -3.25  y  3.21.. 4.80  z  4.43.. 4.43
x  -3.24.. -3.23  y  3.21.. 4.80  z  4.61.. 4.62
x  -3.23.. -2.95  y  3.21.. 3.21  z  4.61.. 4.62
x  -3.23.. -2.95  y  4.80.. 4.81  z  4.61.. 4.62
x  -2.95.. -2.94  y  3.21.. 4.80  z  4.61.. 4.62
x  -3.23.. -2.95  y  3.21.. 4.80  z  4.62.. 4.62
x  -5.40.. -5.38  y  4.91.. 5.06  z  4.65.. 4.67
x  -5.38.. -1.68  y  4.89.. 4.91  z  4.65.. 4.67
x  -1.68.. -1.66  y  4.91.. 5.06  z  4.65.. 4.67
x  -1.67.. -1.65  y  4.91.. 5.06  z  4.65.. 4.67
x  -5.38.. -1.68  y  4.91.. 5.06  z  4.67.. 4.67
x  -2.94.. -2.93  y  3.21.. 4.80  z  4.81.. 4.82
x  -2.93.. -2.65  y  3.21.. 3.21  z  4.81.. 4.82
x  -2.93.. -2.65  y  4.80.. 4.81  z  4.81.. 4.82
x  -2.65.. -2.64  y  3.21.. 4.80  z  4.81.. 4.82
x  -2.93.. -2.65  y  3.21.. 4.80  z  4.82.. 4.82
x  -2.64.. -2.63  y  3.21.. 4.80  z  5.01.. 5.01
x  -2.63.. -2.34  y  3.21.. 3.21  z  5.01.. 5.01
x  -2.63.. -2.34  y  4.80.. 4.81  z  5.01.. 5.01
x  -2.34.. -2.33  y  3.21.. 4.80  z  5.01.. 5.01
x  -2.63.. -2.34  y  3.21.. 4.80  z  5.01.. 5.01
x  -2.33.. -2.33  y  3.21.. 4.80  z  5.20.. 5.21
x  -2.33.. -2.04  y  3.21.. 3.21  z  5.20.. 5.21
x  -2.33.. -2.04  y  4.80.. 4.81  z  5.20.. 5.21
x  -2.04.. -2.03  y  3.21.. 4.80  z  5.20.. 5.21
x  -2.33.. -2.04  y  3.21.. 4.80  z  5.21.. 5.21
x  -2.03.. -2.02  y  3.21.. 4.80  z  5.40.. 5.41
x  -2.02.. -1.74  y  3.21.. 3.21  z  5.40.. 5.41
x  -2.02.. -1.74  y  4.80.. 4.81  z  5.40.. 5.41
x  -1.74.. -1.73  y  3.21.. 4.80  z  5.40.. 5.41
x  -2.02.. -1.74  y  3.21.. 4.80  z  5.41.. 5.41
x  -1.73.. -1.72  y  3.21.. 4.80  z  5.59.. 5.60
x  -1.72.. -1.44  y  3.21.. 3.21  z  5.59.. 5.60
x  -1.72.. -1.44  y  4.80.. 4.81  z  5.59.. 5.60
x  -1.44.. -1.43  y  3.21.. 4.80  z  5.59.. 5.60
x  -1.72.. -1.44  y  3.21.. 4.80  z  5.60.. 5.60
x  -1.43.. -1.42  y  3.21.. 4.80  z  5.79.. 5.80
x  -1.42.. -1.13  y  3.21.. 3.21  z  5.79.. 5.80
x  -1.42.. -1.13  y  4.80.. 4.81  z  5.79.. 5.80
x  -1.13.. -1.12  y  3.21.. 4.80  z  5.79.. 5.80
x  -1.42.. -1.13  y  3.21.. 4.80  z  5.80.. 5.80
x  -1.12.. -1.11  y  3.21.. 4.80  z  5.98.. 5.99
x  -1.11.. -0.83  y  3.21.. 3.21  z  5.98.. 5.99
x  -0.83.. -0.82  y  3.21.. 4.80  z  5.98.. 5.99
x  -1.11.. -0.83  y  4.80.. 4.81  z  5.98.. 5.99
x  -1.11.. -0.83  y  3.21.. 4.80  z  5.99.. 5.99
x  -5.40.. -1.68  y  4.96.. 5.00  z  6.09.. 6.09
x  -5.85.. -5.37  y  4.89.. 5.08  z  6.11.. 6.11
x  -5.16.. -5.14  y  4.90.. 5.06  z  6.11.. 6.13
x  -5.14.. -5.11  y  4.88.. 4.90  z  6.11.. 6.13
x  -5.11.. -5.09  y  4.90.. 5.06  z  6.11.. 6.13
x  -4.67.. -4.65  y  4.90.. 5.06  z  6.11.. 6.13
x  -4.65.. -4.61  y  4.88.. 4.90  z  6.11.. 6.13
x  -4.61.. -4.59  y  4.90.. 5.06  z  6.11.. 6.13
x  -4.17.. -4.15  y  4.90.. 5.06  z  6.11.. 6.13
x  -4.15.. -4.12  y  4.88.. 4.90  z  6.11.. 6.13
x  -4.12.. -4.10  y  4.90.. 5.06  z  6.11.. 6.13
x  -3.68.. -3.66  y  4.90.. 5.06  z  6.11.. 6.13
x  -3.66.. -3.63  y  4.88.. 4.90  z  6.11.. 6.13
x  -3.63.. -3.61  y  4.90.. 5.06  z  6.11.. 6.13
x  -3.18.. -3.16  y  4.90.. 5.06  z  6.11.. 6.13
x  -3.16.. -3.13  y  4.88.. 4.90  z  6.11.. 6.13
x  -3.13.. -3.11  y  4.90.. 5.06  z  6.11.. 6.13
x  -2.69.. -2.67  y  4.90.. 5.06  z  6.11.. 6.13
x  -2.67.. -2.64  y  4.88.. 4.90  z  6.11.. 6.13
x  -2.64.. -2.62  y  4.90.. 5.06  z  6.11.. 6.13
x  -2.20.. -2.18  y  4.90.. 5.06  z  6.11.. 6.13
x  -2.18.. -2.14  y  4.88.. 4.90  z  6.11.. 6.13
x  -2.14.. -2.12  y  4.90.. 5.06  z  6.11.. 6.13
x  -1.70.. -1.68  y  4.90.. 5.06  z  6.11.. 6.13
x  -1.68.. -1.65  y  4.88.. 4.90  z  6.11.. 6.13
x  -1.65.. -1.63  y  4.90.. 5.06  z  6.11.. 6.13
x  -1.15.. -1.13  y  4.90.. 5.06  z  6.11.. 6.13
x  -1.13.. -1.10  y  4.88.. 4.90  z  6.11.. 6.13
x  -1.10.. -1.08  y  4.90.. 5.06  z  6.11.. 6.13
x  -0.66.. -0.64  y  4.90.. 5.06  z  6.11.. 6.13
x  -0.64.. -0.61  y  4.88.. 4.90  z  6.11.. 6.13
x  -0.61.. -0.59  y  4.90.. 5.06  z  6.11.. 6.13
x  -5.14.. -5.11  y  4.90.. 5.06  z  6.13.. 6.13
x  -4.65.. -4.61  y  4.90.. 5.06  z  6.13.. 6.13
x  -4.15.. -4.12  y  4.90.. 5.06  z  6.13.. 6.13
x  -3.66.. -3.63  y  4.90.. 5.06  z  6.13.. 6.13
x  -3.16.. -3.13  y  4.90.. 5.06  z  6.13.. 6.13
x  -2.67.. -2.64  y  4.90.. 5.06  z  6.13.. 6.13
x  -2.18.. -2.14  y  4.90.. 5.06  z  6.13.. 6.13
x  -1.68.. -1.65  y  4.90.. 5.06  z  6.13.. 6.13
x  -1.13.. -1.10  y  4.90.. 5.06  z  6.13.. 6.13
x  -0.64.. -0.61  y  4.90.. 5.06  z  6.13.. 6.13
x  -0.82.. -0.81  y  3.21.. 4.80  z  6.18.. 6.19
x  -0.81.. -0.53  y  3.21.. 3.21  z  6.18.. 6.19
x  -0.81.. -0.53  y  4.80.. 4.81  z  6.18.. 6.19
x  -0.53.. -0.52  y  3.21.. 4.80  z  6.18.. 6.19
x  -1.00.. -0.96  y  3.12.. 3.14  z  6.18.. 6.19
x  -1.00.. -0.96  y  4.79.. 4.81  z  6.18.. 6.19
x  -0.98.. -0.45  y  3.12.. 3.13  z  6.18.. 6.19
x  -0.98.. -0.45  y  4.79.. 4.80  z  6.18.. 6.19
x  -1.00.. -0.96  y  3.20.. 3.22  z  6.18.. 6.19
x  -1.00.. -0.96  y  4.87.. 4.89  z  6.18.. 6.19
x  -0.98.. -0.45  y  3.21.. 3.22  z  6.18.. 6.19
x  -0.98.. -0.45  y  4.88.. 4.89  z  6.18.. 6.19
x  -1.00.. -0.97  y  3.13.. 3.21  z  6.18.. 6.19
x  -1.00.. -0.97  y  4.80.. 4.88  z  6.18.. 6.19
x  -5.41.. -5.40  y  3.14.. 4.88  z  6.18.. 6.19
x  -5.41.. -5.40  y  3.14.. 3.21  z  6.18.. 6.19
x  -5.40.. -5.33  y  3.13.. 3.14  z  6.18.. 6.19
x  -5.40.. -5.33  y  4.88.. 4.89  z  6.18.. 6.19
x  -5.40.. -0.44  y  3.13.. 3.14  z  6.18.. 6.19
x  -5.40.. -0.44  y  3.21.. 3.22  z  6.18.. 6.19
x  -5.33.. -5.32  y  3.14.. 4.88  z  6.18.. 6.19
x  -3.72.. -3.65  y  3.19.. 3.20  z  6.18.. 6.19
x  -0.44.. -0.43  y  3.14.. 3.21  z  6.18.. 6.19
x  -0.81.. -0.53  y  3.21.. 4.80  z  6.19.. 6.19
x  -0.97.. -0.44  y  3.13.. 3.21  z  6.19.. 6.19
x  -0.97.. -0.44  y  4.80.. 4.88  z  6.19.. 6.19
x  -9.53.. -0.04  y  4.87.. 4.89  z  6.19.. 6.21
x  -5.40.. -5.33  y  3.14.. 4.88  z  6.19.. 6.19
x  -5.40.. -0.44  y  3.14.. 3.21  z  6.19.. 6.19
x  -9.53.. -0.04  y  4.89.. 5.07  z  6.21.. 6.21
-- WINDOW_01 (77) --
x  -5.62.. -5.48  y  5.02.. 5.03  z  3.25.. 3.40
x  -5.87.. -5.48  y  5.02.. 5.03  z  3.26.. 3.65
x  -5.74.. -5.48  y  5.02.. 5.03  z  3.26.. 3.52
x  -5.47.. -5.42  y  5.02.. 5.03  z  3.35.. 3.40
x  -5.88.. -5.48  y  5.02.. 5.03  z  3.37.. 3.77
x  -5.48.. -5.47  y  5.01.. 5.02  z  3.40.. 3.40
x  -5.48.. -5.47  y  5.03.. 5.04  z  3.40.. 3.40
x  -5.48.. -5.47  y  5.02.. 5.03  z  3.40.. 3.40
x  -5.47.. -5.42  y  5.02.. 5.03  z  3.47.. 3.52
x  -5.88.. -5.48  y  5.02.. 5.03  z  3.50.. 3.89
x  -5.48.. -5.47  y  5.01.. 5.02  z  3.52.. 3.52
x  -5.48.. -5.47  y  5.03.. 5.04  z  3.52.. 3.52
x  -5.48.. -5.47  y  5.02.. 5.03  z  3.52.. 3.52
x  -5.47.. -5.42  y  5.02.. 5.03  z  3.59.. 3.65
x  -5.88.. -5.52  y  5.02.. 5.03  z  3.62.. 3.98
x  -5.48.. -5.47  y  5.01.. 5.02  z  3.64.. 3.65
x  -5.48.. -5.47  y  5.03.. 5.04  z  3.64.. 3.65
x  -5.48.. -5.47  y  5.02.. 5.03  z  3.65.. 3.65
x  -5.47.. -5.42  y  5.02.. 5.03  z  3.71.. 3.77
x  -5.48.. -5.47  y  5.01.. 5.02  z  3.76.. 3.77
x  -5.48.. -5.47  y  5.03.. 5.04  z  3.76.. 3.77
x  -5.48.. -5.47  y  5.02.. 5.03  z  3.77.. 3.77
x  -5.47.. -5.42  y  5.02.. 5.03  z  3.84.. 3.89
x  -5.48.. -5.47  y  5.01.. 5.02  z  3.89.. 3.89
x  -5.48.. -5.47  y  5.03.. 5.04  z  3.89.. 3.89
x  -5.48.. -5.47  y  5.02.. 5.03  z  3.89.. 3.89
x  -5.51.. -5.46  y  5.02.. 5.03  z  3.92.. 3.98
x  -5.62.. -5.56  y  5.02.. 5.03  z  3.94.. 3.99
x  -5.52.. -5.51  y  5.01.. 5.02  z  3.97.. 3.98
x  -5.52.. -5.51  y  5.03.. 5.04  z  3.97.. 3.98
x  -5.52.. -5.51  y  5.02.. 5.03  z  3.98.. 3.98
x  -5.62.. -5.62  y  5.01.. 5.02  z  3.99.. 3.99
x  -5.62.. -5.62  y  5.03.. 5.04  z  3.99.. 3.99
x  -5.62.. -5.62  y  5.02.. 5.03  z  3.99.. 3.99
x  -3.76.. -3.76  y  3.16.. 3.20  z  4.03.. 4.04
x  -3.76.. -3.72  y  3.15.. 3.16  z  4.03.. 4.04
x  -3.76.. -3.72  y  3.20.. 3.21  z  4.03.. 4.04
x  -3.72.. -3.71  y  3.16.. 3.20  z  4.03.. 4.04
x  -3.76.. -3.72  y  3.16.. 3.20  z  4.04.. 4.04
x  -2.13.. -2.13  y  3.16.. 3.20  z  4.17.. 4.18
x  -2.13.. -2.09  y  3.15.. 3.16  z  4.17.. 4.18
x  -2.13.. -2.09  y  3.20.. 3.21  z  4.17.. 4.18
x  -2.09.. -2.08  y  3.16.. 3.20  z  4.17.. 4.18
x  -0.51.. -0.50  y  3.16.. 3.20  z  4.17.. 4.18
x  -0.50.. -0.46  y  3.15.. 3.16  z  4.17.. 4.18
x  -0.50.. -0.46  y  3.20.. 3.21  z  4.17.. 4.18
x  -0.46.. -0.46  y  3.16.. 3.20  z  4.17.. 4.18
x  -2.13.. -2.09  y  3.16.. 3.20  z  4.18.. 4.18
x  -0.50.. -0.46  y  3.16.. 3.20  z  4.18.. 4.18
x  -5.47.. -5.46  y  4.94.. 5.03  z  4.45.. 4.46
x  -5.47.. -5.46  y  4.94.. 5.03  z  4.87.. 4.88
x  -5.47.. -5.46  y  4.94.. 5.03  z  5.34.. 5.35
x  -5.47.. -5.46  y  4.94.. 5.03  z  5.45.. 5.46
x  -5.58.. -5.50  y  4.98.. 4.99  z  5.46.. 5.53
x  -5.69.. -5.53  y  4.98.. 4.99  z  5.46.. 5.62
x  -5.80.. -5.57  y  4.98.. 4.99  z  5.46.. 5.69
x  -5.49.. -5.48  y  4.98.. 4.99  z  5.53.. 5.53
x  -5.50.. -5.49  y  4.97.. 4.98  z  5.53.. 5.53
x  -5.50.. -5.49  y  4.99.. 5.00  z  5.53.. 5.53
x  -5.50.. -5.49  y  4.98.. 4.99  z  5.53.. 5.53
x  -5.88.. -5.50  y  4.98.. 4.99  z  5.60.. 5.98
x  -5.52.. -5.51  y  4.98.. 4.99  z  5.61.. 5.62
x  -5.53.. -5.52  y  4.97.. 4.98  z  5.61.. 5.62
x  -5.53.. -5.52  y  4.99.. 5.00  z  5.61.. 5.62
x  -5.53.. -5.52  y  4.98.. 4.99  z  5.62.. 5.62
x  -5.56.. -5.55  y  4.98.. 4.99  z  5.68.. 5.69
x  -5.57.. -5.56  y  4.97.. 4.98  z  5.69.. 5.69
x  -5.57.. -5.56  y  4.99.. 5.00  z  5.69.. 5.69
x  -5.57.. -5.56  y  4.98.. 4.99  z  5.69.. 5.69
x  -5.60.. -5.59  y  4.98.. 4.99  z  5.75.. 5.76
x  -5.61.. -5.60  y  4.97.. 4.98  z  5.75.. 5.76
x  -5.61.. -5.60  y  4.99.. 5.00  z  5.75.. 5.76
x  -5.61.. -5.60  y  4.98.. 4.99  z  5.76.. 5.76
x  -5.65.. -5.65  y  4.98.. 4.99  z  5.81.. 5.81
x  -5.66.. -5.65  y  4.97.. 4.98  z  5.81.. 5.81
x  -5.66.. -5.65  y  4.99.. 5.00  z  5.81.. 5.81
x  -5.66.. -5.65  y  4.98.. 4.99  z  5.81.. 5.81

== B. 阁楼楼板 z~6.17 朝上面 ==
-- FLOOR_01 (200) --
x  -9.34.. -3.69  y -1.00..-0.98  z  6.17.. 6.18
x  -9.34.. -3.69  y -0.98..-0.97  z  6.17.. 6.18
x  -9.34.. -3.69  y -0.74..-0.72  z  6.17.. 6.18
x  -9.34.. -3.69  y -0.72..-0.71  z  6.17.. 6.18
x  -9.34.. -3.69  y -0.48..-0.46  z  6.17.. 6.18
x  -9.34.. -3.69  y -0.46..-0.44  z  6.17.. 6.18
x  -9.34.. -3.69  y -0.21..-0.20  z  6.17.. 6.18
x  -9.34.. -3.69  y -0.20..-0.18  z  6.17.. 6.18
x  -9.34.. -3.69  y  0.05.. 0.06  z  6.17.. 6.18
x  -9.34.. -3.69  y  0.06.. 0.08  z  6.17.. 6.18
x  -9.34.. -3.69  y  0.31.. 0.32  z  6.17.. 6.18
x  -9.34.. -3.69  y  0.32.. 0.34  z  6.17.. 6.18
x  -9.34.. -3.69  y  0.57.. 0.58  z  6.17.. 6.18
x  -9.34.. -3.69  y  0.58.. 0.60  z  6.17.. 6.18
x  -9.34.. -3.69  y  0.83.. 0.85  z  6.17.. 6.18
x  -9.34.. -3.69  y  0.85.. 0.86  z  6.17.. 6.18
x  -9.34.. -3.69  y  1.09.. 1.11  z  6.17.. 6.18
x  -9.34.. -3.69  y  1.11.. 1.12  z  6.17.. 6.18
x  -9.34.. -3.69  y  1.61.. 1.63  z  6.17.. 6.18
x  -9.34.. -3.69  y  1.63.. 1.64  z  6.17.. 6.18
x  -9.34.. -3.69  y  1.88.. 1.89  z  6.17.. 6.18
x  -9.34.. -3.69  y  1.89.. 1.91  z  6.17.. 6.18
x  -9.34.. -3.69  y  2.14.. 2.15  z  6.17.. 6.18
x  -9.34.. -3.69  y  2.15.. 2.17  z  6.17.. 6.18
x  -9.34.. -3.69  y  2.40.. 2.41  z  6.17.. 6.18
x  -9.34.. -3.69  y  2.41.. 2.43  z  6.17.. 6.18
x  -9.34.. -3.69  y  2.66.. 2.67  z  6.17.. 6.18
x  -9.34.. -3.69  y  2.67.. 2.69  z  6.17.. 6.18
x  -9.34.. -3.69  y  2.92.. 2.93  z  6.17.. 6.18
x  -9.34.. -3.69  y  2.93.. 2.95  z  6.17.. 6.18
x  -9.34.. -3.69  y  3.18.. 3.20  z  6.17.. 6.18
x  -5.39.. -5.37  y  3.21.. 3.44  z  6.17.. 6.18
x  -5.39.. -5.37  y  3.47.. 3.70  z  6.17.. 6.18
x  -5.39.. -5.37  y  3.73.. 3.96  z  6.17.. 6.18
x  -5.39.. -5.37  y  3.99.. 4.22  z  6.17.. 6.18
x  -5.39.. -5.37  y  4.26.. 4.49  z  6.17.. 6.18
x  -5.39.. -5.37  y  4.52.. 4.75  z  6.17.. 6.18
x  -5.39.. -5.37  y  4.78.. 4.91  z  6.17.. 6.18
x  -3.69.. -3.68  y -0.97..-0.74  z  6.17.. 6.18
x  -3.69.. -3.68  y -0.71..-0.48  z  6.17.. 6.18
x  -3.69.. -3.68  y -0.44..-0.21  z  6.17.. 6.18
x  -3.69.. -3.68  y -0.18.. 0.05  z  6.17.. 6.18
x  -3.69.. -3.68  y  0.08.. 0.31  z  6.17.. 6.18
x  -3.69.. -3.68  y  0.34.. 0.57  z  6.17.. 6.18
x  -3.69.. -3.68  y  0.60.. 0.83  z  6.17.. 6.18
x  -3.69.. -3.68  y  0.86.. 1.09  z  6.17.. 6.18
x  -3.69.. -3.68  y  1.12.. 1.35  z  6.17.. 6.18
x  -3.69.. -3.68  y  1.38.. 1.61  z  6.17.. 6.18
x  -3.69.. -3.68  y  1.64.. 1.88  z  6.17.. 6.18
x  -3.69.. -3.68  y  1.91.. 2.14  z  6.17.. 6.18
x  -3.69.. -3.68  y  2.17.. 2.40  z  6.17.. 6.18
x  -3.69.. -3.68  y  2.43.. 2.66  z  6.17.. 6.18
x  -3.69.. -3.68  y  2.69.. 2.92  z  6.17.. 6.18
x  -3.69.. -3.68  y  2.95.. 3.18  z  6.17.. 6.18
x  -3.68.. -3.67  y -0.71..-0.48  z  6.17.. 6.18
x  -3.68.. -3.67  y -0.44..-0.21  z  6.17.. 6.18
x  -3.68.. -3.67  y -0.18.. 0.05  z  6.17.. 6.18
x  -3.68.. -3.67  y  0.08.. 0.31  z  6.17.. 6.18
x  -3.68.. -3.67  y  0.34.. 0.57  z  6.17.. 6.18
x  -3.68.. -3.67  y  0.60.. 0.83  z  6.17.. 6.18
x  -3.68.. -3.67  y  0.86.. 1.09  z  6.17.. 6.18
x  -3.68.. -3.67  y  1.12.. 1.35  z  6.17.. 6.18
x  -3.68.. -3.67  y  1.38.. 1.61  z  6.17.. 6.18
x  -3.68.. -3.67  y  1.64.. 1.88  z  6.17.. 6.18
x  -3.68.. -3.67  y  1.91.. 2.14  z  6.17.. 6.18
x  -3.68.. -3.67  y  2.17.. 2.40  z  6.17.. 6.18
x  -3.68.. -3.67  y  2.43.. 2.66  z  6.17.. 6.18
x  -3.68.. -3.67  y  2.69.. 2.92  z  6.17.. 6.18
x  -3.68.. -3.67  y  2.95.. 3.18  z  6.17.. 6.18
x  -3.67..  3.66  y -0.72..-0.71  z  6.17.. 6.18
x  -3.67..  3.66  y -0.48..-0.46  z  6.17.. 6.18
x  -3.67..  3.66  y -0.46..-0.44  z  6.17.. 6.18
x  -3.67..  3.66  y -0.21..-0.20  z  6.17.. 6.18
x  -3.67..  3.66  y -0.20..-0.18  z  6.17.. 6.18
x  -3.67..  3.66  y  0.05.. 0.06  z  6.17.. 6.18
x  -3.67..  3.66  y  0.06.. 0.08  z  6.17.. 6.18
x  -3.67..  3.66  y  0.31.. 0.32  z  6.17.. 6.18
x  -3.67..  3.66  y  0.32.. 0.34  z  6.17.. 6.18
x  -3.67..  3.66  y  0.57.. 0.58  z  6.17.. 6.18
x  -3.67..  3.66  y  0.58.. 0.60  z  6.17.. 6.18
x  -3.67..  3.66  y  0.83.. 0.85  z  6.17.. 6.18
x  -3.67..  3.66  y  0.85.. 0.86  z  6.17.. 6.18
x  -3.67..  3.66  y  1.09.. 1.11  z  6.17.. 6.18
x  -3.67..  3.66  y  1.11.. 1.12  z  6.17.. 6.18
x  -3.67..  3.66  y  1.61.. 1.63  z  6.17.. 6.18
x  -3.67..  3.66  y  1.63.. 1.64  z  6.17.. 6.18
x  -3.67..  3.66  y  1.88.. 1.89  z  6.17.. 6.18
x  -3.67..  3.66  y  1.89.. 1.91  z  6.17.. 6.18
x  -3.67..  3.66  y  2.14.. 2.15  z  6.17.. 6.18
x  -3.67..  3.66  y  2.15.. 2.17  z  6.17.. 6.18
x  -3.67..  3.66  y  2.40.. 2.41  z  6.17.. 6.18
x  -3.67..  3.66  y  2.41.. 2.43  z  6.17.. 6.18
x  -3.67..  3.66  y  2.66.. 2.67  z  6.17.. 6.18
x  -3.67..  3.66  y  2.67.. 2.69  z  6.17.. 6.18
x  -3.67..  3.66  y  2.92.. 2.93  z  6.17.. 6.18
x  -3.67..  3.66  y  2.93.. 2.95  z  6.17.. 6.18
x  -3.67..  3.66  y  3.18.. 3.19  z  6.17.. 6.18
x  -0.53.. -0.51  y  3.21.. 3.44  z  6.17.. 6.18
x  -0.53.. -0.51  y  3.47.. 3.70  z  6.17.. 6.18
x  -0.53.. -0.51  y  3.73.. 3.96  z  6.17.. 6.18
x  -0.53.. -0.51  y  3.99.. 4.22  z  6.17.. 6.18
x  -0.53.. -0.51  y  4.26.. 4.49  z  6.17.. 6.18
x  -0.53.. -0.51  y  4.52.. 4.75  z  6.17.. 6.18
x  -0.53.. -0.51  y  4.78.. 4.93  z  6.17.. 6.18
x  -0.51..  3.66  y  3.19.. 3.21  z  6.17.. 6.18
x  -0.51..  3.66  y  3.44.. 3.46  z  6.17.. 6.18
x  -0.51..  3.66  y  3.46.. 3.47  z  6.17.. 6.18
x  -0.51..  3.66  y  3.70.. 3.72  z  6.17.. 6.18
x  -0.51..  3.66  y  3.72.. 3.73  z  6.17.. 6.18
x  -0.51..  3.66  y  3.96.. 3.98  z  6.17.. 6.18
x  -0.51..  3.66  y  3.98.. 3.99  z  6.17.. 6.18
x  -0.51..  3.66  y  4.22.. 4.24  z  6.17.. 6.18
x  -0.51..  3.66  y  4.24.. 4.26  z  6.17.. 6.18
x  -0.51..  3.66  y  4.50.. 4.52  z  6.17.. 6.18
x  -0.51..  3.66  y  4.75.. 4.76  z  6.17.. 6.18
x  -0.51..  3.66  y  4.76.. 4.78  z  6.17.. 6.18
x  -0.51..  3.66  y  4.93.. 4.95  z  6.17.. 6.18
x   3.66..  3.67  y -0.71..-0.48  z  6.17.. 6.18
x   3.66..  3.67  y -0.44..-0.21  z  6.17.. 6.18
x   3.66..  3.67  y -0.18.. 0.05  z  6.17.. 6.18
x   3.66..  3.67  y  0.08.. 0.31  z  6.17.. 6.18
x   3.66..  3.67  y  0.34.. 0.57  z  6.17.. 6.18
x   3.66..  3.67  y  0.60.. 0.83  z  6.17.. 6.18
x   3.66..  3.67  y  0.86.. 1.09  z  6.17.. 6.18
x   3.66..  3.67  y  1.12.. 1.35  z  6.17.. 6.18
x   3.66..  3.67  y  1.38.. 1.61  z  6.17.. 6.18
x   3.66..  3.67  y  1.64.. 1.88  z  6.17.. 6.18
x   3.66..  3.67  y  1.91.. 2.14  z  6.17.. 6.18
x   3.66..  3.67  y  2.17.. 2.40  z  6.17.. 6.18
x   3.66..  3.67  y  2.43.. 2.66  z  6.17.. 6.18
x   3.66..  3.67  y  2.69.. 2.92  z  6.17.. 6.18
x   3.66..  3.67  y  2.95.. 3.18  z  6.17.. 6.18
x   3.66..  3.67  y  3.21.. 3.44  z  6.17.. 6.18
x   3.66..  3.67  y  3.47.. 3.70  z  6.17.. 6.18
x   3.66..  3.67  y  3.73.. 3.96  z  6.17.. 6.18
x   3.66..  3.67  y  3.99.. 4.22  z  6.17.. 6.18
x   3.66..  3.67  y  4.26.. 4.49  z  6.17.. 6.18
x   3.66..  3.67  y  4.52.. 4.75  z  6.17.. 6.18
x   3.66..  3.67  y  4.78.. 4.93  z  6.17.. 6.18
x   3.68..  3.69  y -0.97..-0.74  z  6.17.. 6.18
x   3.68..  3.69  y -0.71..-0.48  z  6.17.. 6.18
x   3.68..  3.69  y -0.44..-0.21  z  6.17.. 6.18
x   3.68..  3.69  y -0.18.. 0.05  z  6.17.. 6.18
x   3.68..  3.69  y  0.08.. 0.31  z  6.17.. 6.18
x   3.68..  3.69  y  0.34.. 0.57  z  6.17.. 6.18
x   3.68..  3.69  y  0.60.. 0.83  z  6.17.. 6.18
x   3.68..  3.69  y  0.86.. 1.09  z  6.17.. 6.18
x   3.68..  3.69  y  1.12.. 1.35  z  6.17.. 6.18
x   3.68..  3.69  y  1.38.. 1.61  z  6.17.. 6.18
x   3.68..  3.69  y  1.64.. 1.88  z  6.17.. 6.18
x   3.68..  3.69  y  1.91.. 2.14  z  6.17.. 6.18
x   3.68..  3.69  y  2.17.. 2.40  z  6.17.. 6.18
x   3.68..  3.69  y  2.43.. 2.66  z  6.17.. 6.18
x   3.68..  3.69  y  2.69.. 2.92  z  6.17.. 6.18
x   3.68..  3.69  y  2.95.. 3.18  z  6.17.. 6.18
x   3.69..  3.70  y  3.21.. 3.44  z  6.17.. 6.18
x   3.69..  3.70  y  3.47.. 3.70  z  6.17.. 6.18
x   3.69..  3.70  y  3.73.. 3.96  z  6.17.. 6.18
x   3.69..  3.70  y  3.99.. 4.22  z  6.17.. 6.18
x   3.69..  3.70  y  4.26.. 4.49  z  6.17.. 6.18
x   3.69..  3.70  y  4.52.. 4.75  z  6.17.. 6.18
x   3.69..  3.70  y  4.78.. 4.91  z  6.17.. 6.18
x  -3.67..  3.66  y -0.71..-0.48  z  6.18.. 6.18
x  -3.67..  3.66  y -0.44..-0.21  z  6.18.. 6.18
x  -3.67..  3.66  y -0.18.. 0.05  z  6.18.. 6.18
x  -3.67..  3.66  y  0.08.. 0.31  z  6.18.. 6.18
x  -3.67..  3.66  y  0.34.. 0.57  z  6.18.. 6.18
x  -3.67..  3.66  y  0.60.. 0.83  z  6.18.. 6.18
x  -3.67..  3.66  y  0.86.. 1.09  z  6.18.. 6.18
x  -3.67..  3.66  y  1.12.. 1.35  z  6.18.. 6.18
x  -3.67..  3.66  y  1.38.. 1.61  z  6.18.. 6.18
x  -3.67..  3.66  y  1.64.. 1.88  z  6.18.. 6.18
x  -3.67..  3.66  y  1.91.. 2.14  z  6.18.. 6.18
x  -3.67..  3.66  y  2.17.. 2.40  z  6.18.. 6.18
x  -3.67..  3.66  y  2.43.. 2.66  z  6.18.. 6.18
x  -3.67..  3.66  y  2.69.. 2.92  z  6.18.. 6.18
x  -3.67..  3.66  y  2.95.. 3.18  z  6.18.. 6.18
x  -9.34.. -3.69  y -0.97..-0.74  z  6.18.. 6.18
x  -9.34.. -3.69  y -0.71..-0.48  z  6.18.. 6.18
x  -9.34.. -3.69  y -0.44..-0.21  z  6.18.. 6.18
x  -9.34.. -3.69  y -0.18.. 0.05  z  6.18.. 6.18
x  -9.34.. -3.69  y  0.08.. 0.31  z  6.18.. 6.18
x  -9.34.. -3.69  y  0.34.. 0.57  z  6.18.. 6.18
x  -9.34.. -3.69  y  0.60.. 0.83  z  6.18.. 6.18
x  -9.34.. -3.69  y  0.86.. 1.09  z  6.18.. 6.18
x  -9.34.. -3.69  y  1.12.. 1.35  z  6.18.. 6.18
x  -9.34.. -3.69  y  1.38.. 1.61  z  6.18.. 6.18
x  -9.34.. -3.69  y  1.64.. 1.88  z  6.18.. 6.18
x  -9.34.. -3.69  y  1.91.. 2.14  z  6.18.. 6.18
x  -9.34.. -3.69  y  2.17.. 2.40  z  6.18.. 6.18
x  -9.34.. -3.69  y  2.43.. 2.66  z  6.18.. 6.18
x  -9.34.. -3.69  y  2.69.. 2.92  z  6.18.. 6.18
x  -9.34.. -3.69  y  2.95.. 3.18  z  6.18.. 6.18
x  -0.51..  3.66  y  3.21.. 3.44  z  6.18.. 6.18
x  -0.51..  3.66  y  3.47.. 3.70  z  6.18.. 6.18
x  -0.51..  3.66  y  3.73.. 3.96  z  6.18.. 6.18
x  -0.51..  3.66  y  3.99.. 4.22  z  6.18.. 6.18
x  -0.51..  3.66  y  4.26.. 4.49  z  6.18.. 6.18
x  -0.51..  3.66  y  4.52.. 4.75  z  6.18.. 6.18
x  -0.51..  3.66  y  4.78.. 4.93  z  6.18.. 6.18
-- ROOF_01 (5) --
x  -3.67..  3.66  y -0.91..-0.89  z  6.17.. 6.18
x  -9.53.. -0.04  y  5.07.. 5.09  z  6.19.. 6.21
x  -0.04.. -0.02  y  4.89.. 5.07  z  6.19.. 6.21
x  -0.04.. -0.02  y  4.89.. 5.07  z  6.19.. 6.21
x  -3.68..  3.67  y -1.04..-0.86  z  6.21.. 6.21
-- TRIM_01 (19) --
x  -5.14.. -5.11  y  5.06.. 5.08  z  6.11.. 6.13
x  -4.65.. -4.61  y  5.06.. 5.08  z  6.11.. 6.13
x  -4.15.. -4.12  y  5.06.. 5.08  z  6.11.. 6.13
x  -3.66.. -3.63  y  5.06.. 5.08  z  6.11.. 6.13
x  -3.16.. -3.13  y  5.06.. 5.08  z  6.11.. 6.13
x  -2.67.. -2.64  y  5.06.. 5.08  z  6.11.. 6.13
x  -2.18.. -2.14  y  5.06.. 5.08  z  6.11.. 6.13
x  -1.68.. -1.65  y  5.06.. 5.08  z  6.11.. 6.13
x  -1.13.. -1.10  y  5.06.. 5.08  z  6.11.. 6.13
x  -0.64.. -0.61  y  5.06.. 5.08  z  6.11.. 6.13
x  -0.11.. -0.08  y  5.06.. 5.08  z  6.11.. 6.13
x   0.13..  0.16  y  5.06.. 5.08  z  6.11.. 6.13
x   0.61..  0.65  y  5.06.. 5.08  z  6.11.. 6.13
x   1.11..  1.14  y  5.06.. 5.08  z  6.11.. 6.13
x   1.63..  1.66  y  5.06.. 5.08  z  6.11.. 6.13
x   2.13..  2.16  y  5.06.. 5.08  z  6.11.. 6.13
x   2.65..  2.68  y  5.06.. 5.08  z  6.11.. 6.13
x   3.14..  3.18  y  5.06.. 5.08  z  6.11.. 6.13
x   3.63..  3.66  y  5.06.. 5.08  z  6.11.. 6.13
-- WALL_01 (158) --
x  -2.38.. -1.91  y -1.04..-0.85  z  6.08.. 6.08
x  -1.91.. -1.43  y -1.04..-0.85  z  6.08.. 6.08
x  -1.43.. -0.95  y -1.04..-0.85  z  6.08.. 6.08
x  -0.95.. -0.48  y -1.04..-0.85  z  6.08.. 6.08
x  -0.48.. -0.00  y -1.04..-0.85  z  6.08.. 6.08
x  -0.00..  0.47  y -1.04..-0.85  z  6.08.. 6.08
x   0.47..  0.95  y -1.04..-0.85  z  6.08.. 6.08
x   0.95..  1.43  y -1.04..-0.85  z  6.08.. 6.08
x   1.43..  1.90  y -1.04..-0.85  z  6.08.. 6.08
x   1.90..  2.38  y -1.04..-0.85  z  6.08.. 6.08
x  -5.40.. -1.68  y  4.96.. 5.00  z  6.09.. 6.09
x  -1.66..  1.42  y  4.96.. 5.00  z  6.09.. 6.09
x   1.40..  5.39  y  4.96.. 5.00  z  6.09.. 6.09
x  -3.54.. -2.37  y -0.97..-0.92  z  6.11.. 6.11
x   2.37..  3.54  y -0.97..-0.92  z  6.11.. 6.11
x  -6.80.. -6.33  y  4.89.. 5.08  z  6.11.. 6.11
x  -6.33.. -5.85  y  4.89.. 5.08  z  6.11.. 6.11
x  -5.85.. -5.37  y  4.89.. 5.08  z  6.11.. 6.11
x  -5.16.. -5.14  y  4.90.. 5.06  z  6.11.. 6.13
x  -5.14.. -5.11  y  4.88.. 4.90  z  6.11.. 6.13
x  -5.11.. -5.09  y  4.90.. 5.06  z  6.11.. 6.13
x  -4.67.. -4.65  y  4.90.. 5.06  z  6.11.. 6.13
x  -4.65.. -4.61  y  4.88.. 4.90  z  6.11.. 6.13
x  -4.61.. -4.59  y  4.90.. 5.06  z  6.11.. 6.13
x  -4.17.. -4.15  y  4.90.. 5.06  z  6.11.. 6.13
x  -4.15.. -4.12  y  4.88.. 4.90  z  6.11.. 6.13
x  -4.12.. -4.10  y  4.90.. 5.06  z  6.11.. 6.13
x  -3.68.. -3.66  y  4.90.. 5.06  z  6.11.. 6.13
x  -3.66.. -3.63  y  4.88.. 4.90  z  6.11.. 6.13
x  -3.63.. -3.61  y  4.90.. 5.06  z  6.11.. 6.13
x  -3.18.. -3.16  y  4.90.. 5.06  z  6.11.. 6.13
x  -3.16.. -3.13  y  4.88.. 4.90  z  6.11.. 6.13
x  -3.13.. -3.11  y  4.90.. 5.06  z  6.11.. 6.13
x  -2.69.. -2.67  y  4.90.. 5.06  z  6.11.. 6.13
x  -2.67.. -2.64  y  4.88.. 4.90  z  6.11.. 6.13
x  -2.64.. -2.62  y  4.90.. 5.06  z  6.11.. 6.13
x  -2.20.. -2.18  y  4.90.. 5.06  z  6.11.. 6.13
x  -2.18.. -2.14  y  4.88.. 4.90  z  6.11.. 6.13
x  -2.14.. -2.12  y  4.90.. 5.06  z  6.11.. 6.13
x  -1.70.. -1.68  y  4.90.. 5.06  z  6.11.. 6.13
x  -1.68.. -1.65  y  4.88.. 4.90  z  6.11.. 6.13
x  -1.65.. -1.63  y  4.90.. 5.06  z  6.11.. 6.13
x  -1.15.. -1.13  y  4.90.. 5.06  z  6.11.. 6.13
x  -1.13.. -1.10  y  4.88.. 4.90  z  6.11.. 6.13
x  -1.10.. -1.08  y  4.90.. 5.06  z  6.11.. 6.13
x  -0.66.. -0.64  y  4.90.. 5.06  z  6.11.. 6.13
x  -0.64.. -0.61  y  4.88.. 4.90  z  6.11.. 6.13
x  -0.61.. -0.59  y  4.90.. 5.06  z  6.11.. 6.13
x  -0.13.. -0.11  y  4.90.. 5.06  z  6.11.. 6.13
x  -0.11.. -0.08  y  4.88.. 4.90  z  6.11.. 6.13
x  -0.08.. -0.06  y  4.90.. 5.06  z  6.11.. 6.13
x   0.11..  0.13  y  4.90.. 5.06  z  6.11.. 6.13
x   0.13..  0.16  y  4.88.. 4.90  z  6.11.. 6.13
x   0.16..  0.18  y  4.90.. 5.06  z  6.11.. 6.13
x   0.59..  0.61  y  4.90.. 5.06  z  6.11.. 6.13
x   0.61..  0.65  y  4.88.. 4.90  z  6.11.. 6.13
x   0.65..  0.67  y  4.90.. 5.06  z  6.11.. 6.13
x   1.09..  1.11  y  4.90.. 5.06  z  6.11.. 6.13
x   1.11..  1.14  y  4.88.. 4.90  z  6.11.. 6.13
x   1.14..  1.16  y  4.90.. 5.06  z  6.11.. 6.13
x   1.61..  1.63  y  4.90.. 5.06  z  6.11.. 6.13
x   1.63..  1.66  y  4.88.. 4.90  z  6.11.. 6.13
x   1.66..  1.68  y  4.90.. 5.06  z  6.11.. 6.13
x   2.11..  2.13  y  4.90.. 5.06  z  6.11.. 6.13
x   2.13..  2.16  y  4.88.. 4.90  z  6.11.. 6.13
x   2.16..  2.18  y  4.90.. 5.06  z  6.11.. 6.13
x   2.63..  2.65  y  4.90.. 5.06  z  6.11.. 6.13
x   2.65..  2.68  y  4.88.. 4.90  z  6.11.. 6.13
x   2.68..  2.70  y  4.90.. 5.06  z  6.11.. 6.13
x   3.12..  3.14  y  4.90.. 5.06  z  6.11.. 6.13
x   3.14..  3.18  y  4.88.. 4.90  z  6.11.. 6.13
x   3.18..  3.20  y  4.90.. 5.06  z  6.11.. 6.13
x   3.61..  3.63  y  4.90.. 5.06  z  6.11.. 6.13
x   3.63..  3.66  y  4.88.. 4.90  z  6.11.. 6.13
x   3.66..  3.68  y  4.90.. 5.06  z  6.11.. 6.13
x  -3.37.. -3.35  y -1.03..-0.87  z  6.12.. 6.14
x  -3.35.. -3.32  y -0.87..-0.85  z  6.12.. 6.14
x  -3.32.. -3.30  y -1.03..-0.87  z  6.12.. 6.14
x  -2.88.. -2.86  y -1.03..-0.87  z  6.12.. 6.14
x  -2.86.. -2.82  y -0.87..-0.85  z  6.12.. 6.14
x  -2.82.. -2.80  y -1.03..-0.87  z  6.12.. 6.14
x   2.80..  2.82  y -1.03..-0.87  z  6.12.. 6.14
x   2.82..  2.86  y -0.87..-0.85  z  6.12.. 6.14
x   2.86..  2.88  y -1.03..-0.87  z  6.12.. 6.14
x   3.30..  3.32  y -1.03..-0.87  z  6.12.. 6.14
x   3.32..  3.35  y -0.87..-0.85  z  6.12.. 6.14
x   3.35..  3.37  y -1.03..-0.87  z  6.12.. 6.14
x  -5.14.. -5.11  y  4.90.. 5.06  z  6.13.. 6.13
x  -4.65.. -4.61  y  4.90.. 5.06  z  6.13.. 6.13
x  -4.15.. -4.12  y  4.90.. 5.06  z  6.13.. 6.13
x  -3.66.. -3.63  y  4.90.. 5.06  z  6.13.. 6.13
x  -3.16.. -3.13  y  4.90.. 5.06  z  6.13.. 6.13
x  -2.67.. -2.64  y  4.90.. 5.06  z  6.13.. 6.13
x  -2.18.. -2.14  y  4.90.. 5.06  z  6.13.. 6.13
x  -1.68.. -1.65  y  4.90.. 5.06  z  6.13.. 6.13
x  -1.13.. -1.10  y  4.90.. 5.06  z  6.13.. 6.13
x  -0.64.. -0.61  y  4.90.. 5.06  z  6.13.. 6.13
x  -0.11.. -0.08  y  4.90.. 5.06  z  6.13.. 6.13
x   0.13..  0.16  y  4.90.. 5.06  z  6.13.. 6.13
x   0.61..  0.65  y  4.90.. 5.06  z  6.13.. 6.13
x   1.11..  1.14  y  4.90.. 5.06  z  6.13.. 6.13
x   1.63..  1.66  y  4.90.. 5.06  z  6.13.. 6.13
x   2.13..  2.16  y  4.90.. 5.06  z  6.13.. 6.13
x   2.65..  2.68  y  4.90.. 5.06  z  6.13.. 6.13
x   3.14..  3.18  y  4.90.. 5.06  z  6.13.. 6.13
x   3.63..  3.66  y  4.90.. 5.06  z  6.13.. 6.13
x  -3.35.. -3.32  y -1.03..-0.87  z  6.14.. 6.14
x  -2.86.. -2.82  y -1.03..-0.87  z  6.14.. 6.14
x   2.82..  2.86  y -1.03..-0.87  z  6.14.. 6.14
x   3.32..  3.35  y -1.03..-0.87  z  6.14.. 6.14
x  -3.68.. -3.67  y -0.89..-0.74  z  6.17.. 6.18
x  -3.67..  3.66  y -0.74..-0.72  z  6.17.. 6.18
x   3.66..  3.67  y -0.89..-0.74  z  6.17.. 6.18
x  -0.82.. -0.81  y  3.21.. 4.80  z  6.18.. 6.19
x  -0.81.. -0.53  y  3.21.. 3.21  z  6.18.. 6.19
x  -0.81.. -0.53  y  4.80.. 4.81  z  6.18.. 6.19
x  -0.53.. -0.52  y  3.21.. 4.80  z  6.18.. 6.19
x  -1.00.. -0.96  y  3.12.. 3.14  z  6.18.. 6.19
x  -1.00.. -0.96  y  4.79.. 4.81  z  6.18.. 6.19
x  -0.98.. -0.45  y  3.12.. 3.13  z  6.18.. 6.19
x  -0.98.. -0.45  y  4.79.. 4.80  z  6.18.. 6.19
x  -1.00.. -0.96  y  3.20.. 3.22  z  6.18.. 6.19
x  -1.00.. -0.96  y  4.87.. 4.89  z  6.18.. 6.19
x  -0.98.. -0.45  y  3.21.. 3.22  z  6.18.. 6.19
x  -0.98.. -0.45  y  4.88.. 4.89  z  6.18.. 6.19
x  -1.00.. -0.97  y  3.13.. 3.21  z  6.18.. 6.19
x  -1.00.. -0.97  y  4.80.. 4.88  z  6.18.. 6.19
x  -5.41.. -5.40  y  3.14.. 4.88  z  6.18.. 6.19
x  -5.41.. -5.40  y  3.14.. 3.21  z  6.18.. 6.19
x  -5.40.. -5.33  y  3.13.. 3.14  z  6.18.. 6.19
x  -5.40.. -5.33  y  4.88.. 4.89  z  6.18.. 6.19
x  -5.40.. -0.44  y  3.13.. 3.14  z  6.18.. 6.19
x  -5.40.. -0.44  y  3.21.. 3.22  z  6.18.. 6.19
x  -5.33.. -5.32  y  3.14.. 4.88  z  6.18.. 6.19
x  -3.73.. -3.72  y -0.87.. 3.19  z  6.18.. 6.19
x  -3.72.. -3.65  y -0.88..-0.87  z  6.18.. 6.19
x  -3.72.. -3.65  y  3.19.. 3.20  z  6.18.. 6.19
x  -3.65.. -3.65  y -0.87.. 3.19  z  6.18.. 6.19
x  -0.44.. -0.43  y  3.14.. 3.21  z  6.18.. 6.19
x   3.65..  3.65  y -0.87.. 4.90  z  6.18.. 6.19
x   3.65..  3.72  y -0.88..-0.87  z  6.18.. 6.19
x   3.65..  3.72  y  4.90.. 4.91  z  6.18.. 6.19
x   3.72..  3.73  y -0.87.. 4.90  z  6.18.. 6.19
x  -3.67..  3.66  y -0.89..-0.74  z  6.18.. 6.18
x  -0.81.. -0.53  y  3.21.. 4.80  z  6.19.. 6.19
x  -0.97.. -0.44  y  3.13.. 3.21  z  6.19.. 6.19
x  -0.97.. -0.44  y  4.80.. 4.88  z  6.19.. 6.19
x  -9.53.. -0.04  y  4.87.. 4.89  z  6.19.. 6.21
x  -3.70.. -3.68  y -1.04..-0.86  z  6.19.. 6.21
x  -3.68..  3.67  y -0.86..-0.84  z  6.19.. 6.21
x  -3.67.. -3.51  y -0.87..-0.85  z  6.19.. 6.21
x   3.51..  3.67  y -0.87..-0.85  z  6.19.. 6.21
x   3.67..  3.69  y -1.04..-0.86  z  6.19.. 6.21
x  -5.40.. -5.33  y  3.14.. 4.88  z  6.19.. 6.19
x  -5.40.. -0.44  y  3.14.. 3.21  z  6.19.. 6.19
x  -3.72.. -3.65  y -0.87.. 3.19  z  6.19.. 6.19
x   3.65..  3.72  y -0.87.. 4.90  z  6.19.. 6.19
x  -9.53.. -0.04  y  4.89.. 5.07  z  6.21.. 6.21

== C. 第二跑坡线上方净空（向上射线）==
y=3.4: x=-5.30:6.24  x=-4.84:5.94  x=-4.38:5.65  x=-3.92:5.14  x=-3.46:5.07  x=-3.00:4.56  x=-2.54:4.49  x=-2.08:4.20  x=-1.62:3.91  x=-1.16:3.62  x=-0.70:3.33
y=3.7: x=-5.30:5.84  x=-4.84:5.54  x=-4.38:5.25  x=-3.92:4.72  x=-3.46:4.67  x=-3.00:4.14  x=-2.54:4.09  x=-2.08:3.80  x=-1.62:3.51  x=-1.16:3.22  x=-0.70:2.93
y=4.0: x=-5.30:5.35  x=-4.84:5.06  x=-4.38:4.77  x=-3.92:4.29  x=-3.46:4.19  x=-3.00:3.71  x=-2.54:3.61  x=-2.08:3.31  x=-1.62:3.02  x=-1.16:2.73  x=-0.70:2.44
y=4.3: x=-5.30:4.95  x=-4.84:4.66  x=-4.38:4.37  x=-3.92:3.87  x=-3.46:3.79  x=-3.00:3.29  x=-2.54:3.20  x=-2.08:2.91  x=-1.62:2.63  x=-1.16:2.33  x=-0.70:2.04
y=4.6: x=-5.30:4.55  x=-4.84:4.26  x=-4.38:3.97  x=-3.92:3.45  x=-3.46:3.39  x=-3.00:2.87  x=-2.54:2.80  x=-2.08:2.51  x=-1.62:2.22  x=-1.16:1.93  x=-0.70:1.64

== D. 顶部平台/井口所有面 (x -1.6..0.5, y 2.8..5.1, z 5.6..7.2) ==
-- FLOOR_01 (49) --
n=(-0.0, 1.0, -0.0)  x -3.67..3.66  y 2.93..2.93  z 6.13..6.17
n=(0.0, 1.0, 0.0)  x -3.67..3.66  y 3.19..3.19  z 6.13..6.17
n=(-0.71, -0.71, 0.0)  x -0.53..-0.51  y 3.19..3.21  z 6.13..6.17
n=(-1.0, 0.0, 0.0)  x -0.53..-0.53  y 3.21..3.44  z 6.13..6.17
n=(-0.71, 0.71, 0.0)  x -0.53..-0.51  y 3.44..3.46  z 6.13..6.17
n=(-0.7, -0.71, 0.0)  x -0.53..-0.51  y 3.46..3.47  z 6.13..6.17
n=(-1.0, 0.0, 0.0)  x -0.53..-0.53  y 3.47..3.70  z 6.13..6.17
n=(-0.7, 0.71, 0.0)  x -0.53..-0.51  y 3.70..3.72  z 6.13..6.17
n=(-0.71, -0.71, 0.0)  x -0.53..-0.51  y 3.72..3.73  z 6.13..6.17
n=(-1.0, 0.0, 0.0)  x -0.53..-0.53  y 3.73..3.96  z 6.13..6.17
n=(-0.71, 0.71, 0.0)  x -0.53..-0.51  y 3.96..3.98  z 6.13..6.17
n=(-0.71, -0.71, -0.0)  x -0.53..-0.51  y 3.98..3.99  z 6.13..6.17
n=(-1.0, 0.0, 0.0)  x -0.53..-0.53  y 3.99..4.22  z 6.13..6.17
n=(-0.7, 0.71, 0.0)  x -0.53..-0.51  y 4.22..4.24  z 6.13..6.17
n=(-0.71, -0.71, 0.0)  x -0.53..-0.51  y 4.24..4.26  z 6.13..6.17
n=(-1.0, 0.0, 0.0)  x -0.53..-0.53  y 4.26..4.49  z 6.13..6.17
n=(-0.7, 0.72, 0.01)  x -0.53..-0.51  y 4.49..4.50  z 6.13..6.17
n=(-0.7, -0.72, -0.01)  x -0.53..-0.51  y 4.50..4.52  z 6.13..6.17
n=(-1.0, 0.0, 0.0)  x -0.53..-0.53  y 4.52..4.75  z 6.13..6.17
n=(-0.71, 0.71, -0.0)  x -0.53..-0.51  y 4.75..4.76  z 6.13..6.17
n=(-0.71, -0.71, 0.0)  x -0.53..-0.51  y 4.76..4.78  z 6.13..6.17
n=(-1.0, 0.0, 0.0)  x -0.53..-0.53  y 4.78..4.93  z 6.13..6.17
n=(-0.71, 0.71, 0.0)  x -0.53..-0.51  y 4.93..4.95  z 6.13..6.17
n=(-0.0, 0.71, 0.71)  x -3.67..3.66  y 2.92..2.93  z 6.17..6.18
n=(0.0, -0.71, 0.71)  x -3.67..3.66  y 2.93..2.95  z 6.17..6.18
n=(0.0, 0.71, 0.7)  x -3.67..3.66  y 3.18..3.19  z 6.17..6.18
n=(-0.58, -0.58, 0.58)  x -0.53..-0.51  y 3.19..3.21  z 6.17..6.18
n=(-0.71, 0.0, 0.71)  x -0.53..-0.51  y 3.21..3.44  z 6.17..6.18
n=(-0.58, 0.58, 0.58)  x -0.53..-0.51  y 3.44..3.46  z 6.17..6.18
n=(-0.57, -0.58, 0.57)  x -0.53..-0.51  y 3.46..3.47  z 6.17..6.18
n=(-0.71, 0.0, 0.71)  x -0.53..-0.51  y 3.47..3.70  z 6.17..6.18
n=(-0.58, 0.58, 0.58)  x -0.53..-0.51  y 3.70..3.72  z 6.17..6.18
n=(-0.58, -0.58, 0.58)  x -0.53..-0.51  y 3.72..3.73  z 6.17..6.18
n=(-0.71, 0.0, 0.71)  x -0.53..-0.51  y 3.73..3.96  z 6.17..6.18
n=(-0.58, 0.58, 0.58)  x -0.53..-0.51  y 3.96..3.98  z 6.17..6.18
n=(-0.58, -0.58, 0.58)  x -0.53..-0.51  y 3.98..3.99  z 6.17..6.18
n=(-0.71, 0.0, 0.71)  x -0.53..-0.51  y 3.99..4.22  z 6.17..6.18
n=(-0.58, 0.58, 0.58)  x -0.53..-0.51  y 4.22..4.24  z 6.17..6.18
n=(-0.58, -0.58, 0.58)  x -0.53..-0.51  y 4.24..4.26  z 6.17..6.18
n=(-0.71, 0.0, 0.71)  x -0.53..-0.51  y 4.26..4.49  z 6.17..6.18
n=(-0.57, 0.6, 0.57)  x -0.53..-0.51  y 4.49..4.50  z 6.17..6.18
n=(-0.58, -0.58, 0.58)  x -0.53..-0.51  y 4.50..4.52  z 6.17..6.18
n=(-0.71, 0.0, 0.71)  x -0.53..-0.51  y 4.52..4.75  z 6.17..6.18
n=(-0.58, 0.58, 0.58)  x -0.53..-0.51  y 4.75..4.76  z 6.17..6.18
n=(-0.58, -0.58, 0.58)  x -0.53..-0.51  y 4.76..4.78  z 6.17..6.18
n=(-0.71, 0.0, 0.71)  x -0.53..-0.51  y 4.78..4.93  z 6.17..6.18
n=(-0.58, 0.58, 0.58)  x -0.53..-0.51  y 4.93..4.95  z 6.17..6.18
n=(0.0, 0.0, 1.0)  x -3.67..3.66  y 2.69..2.92  z 6.18..6.18
n=(0.0, 0.0, 1.0)  x -3.67..3.66  y 2.95..3.18  z 6.18..6.18
-- ROOF_01 (74) --
n=(0.71, 0.0, -0.71)  x -0.04..-0.02  y 4.89..5.07  z 6.06..6.08
n=(-0.71, 0.0, -0.71)  x -0.04..-0.02  y 4.89..5.07  z 6.06..6.08
n=(0.58, 0.58, -0.58)  x -0.04..-0.02  y 5.07..5.09  z 6.06..6.08
n=(-0.58, 0.58, -0.58)  x -0.04..-0.02  y 5.07..5.09  z 6.06..6.08
n=(0.71, -0.71, 0.0)  x -0.04..-0.02  y 4.87..4.89  z 6.08..6.19
n=(-0.71, -0.71, 0.0)  x -0.04..-0.02  y 4.87..4.89  z 6.08..6.19
n=(-1.0, 0.0, 0.0)  x -0.04..-0.04  y 4.89..5.07  z 6.08..6.19
n=(0.71, 0.71, 0.0)  x -0.04..-0.02  y 5.07..5.09  z 6.08..6.19
n=(-0.71, 0.71, 0.0)  x -0.04..-0.02  y 5.07..5.09  z 6.08..6.19
n=(1.0, 0.0, 0.0)  x -0.02..-0.02  y 4.89..5.07  z 6.08..6.19
n=(0.71, -0.71, 0.0)  x -0.44..-0.43  y 3.13..3.14  z 6.11..6.18
n=(0.71, 0.71, 0.0)  x -0.44..-0.43  y 3.21..3.22  z 6.11..6.18
n=(1.0, 0.0, 0.0)  x -0.43..-0.43  y 3.14..3.21  z 6.11..6.18
n=(-0.71, -0.71, 0.0)  x -0.82..-0.81  y 3.21..3.21  z 6.13..6.18
n=(0.0, -1.0, 0.0)  x -0.81..-0.53  y 3.21..3.21  z 6.13..6.18
n=(0.0, 1.0, 0.0)  x -0.81..-0.53  y 4.81..4.81  z 6.13..6.18
n=(0.71, -0.71, 0.0)  x -0.53..-0.52  y 3.21..3.21  z 6.13..6.18
n=(0.71, 0.71, 0.0)  x -0.53..-0.52  y 4.80..4.81  z 6.13..6.18
n=(0.0, 0.0, -1.0)  x -3.87..3.59  y 4.96..5.00  z 6.17..6.17
n=(0.0, 1.0, 0.0)  x -3.87..3.59  y 5.00..5.00  z 6.17..6.88
n=(-0.71, 0.0, -0.71)  x -1.08..-1.06  y 4.90..5.06  z 6.17..6.19
n=(-0.58, 0.58, -0.58)  x -1.08..-1.06  y 5.06..5.08  z 6.17..6.19
n=(0.0, 0.0, -1.0)  x -1.06..-0.95  y 4.90..5.06  z 6.17..6.17
n=(0.0, 0.71, -0.71)  x -1.06..-0.95  y 5.06..5.08  z 6.17..6.19
n=(0.71, 0.0, -0.71)  x -0.95..-0.93  y 4.90..5.06  z 6.17..6.19
n=(0.58, 0.58, -0.58)  x -0.95..-0.93  y 5.06..5.08  z 6.17..6.19
n=(-0.71, 0.0, -0.71)  x -0.11..-0.09  y 4.90..5.06  z 6.17..6.19
n=(-0.58, 0.58, -0.58)  x -0.11..-0.09  y 5.06..5.08  z 6.17..6.19
n=(0.0, 0.0, -1.0)  x -0.09..0.02  y 4.90..5.06  z 6.17..6.17
n=(0.0, 0.71, -0.71)  x -0.09..0.02  y 5.06..5.08  z 6.17..6.19
n=(0.71, 0.0, -0.71)  x 0.02..0.04  y 4.90..5.06  z 6.17..6.19
n=(0.58, 0.58, -0.58)  x 0.02..0.04  y 5.06..5.08  z 6.17..6.19
n=(-1.0, 0.0, 0.0)  x -1.08..-1.08  y 4.90..5.06  z 6.19..6.89
n=(-0.71, 0.71, 0.0)  x -1.08..-1.06  y 5.06..5.08  z 6.19..6.89
n=(0.0, 1.0, 0.0)  x -1.06..-0.95  y 5.08..5.08  z 6.19..6.89
n=(0.71, 0.71, 0.0)  x -0.95..-0.93  y 5.06..5.08  z 6.19..6.89
n=(1.0, 0.0, 0.0)  x -0.93..-0.93  y 4.90..5.06  z 6.19..6.89
n=(-1.0, 0.0, 0.0)  x -0.11..-0.11  y 4.90..5.06  z 6.19..6.89
n=(-0.71, 0.71, 0.0)  x -0.11..-0.09  y 5.06..5.08  z 6.19..6.89
n=(0.0, 1.0, 0.0)  x -0.09..0.02  y 5.08..5.08  z 6.19..6.89
n=(0.71, 0.0, 0.71)  x -0.04..-0.02  y 4.89..5.07  z 6.19..6.21
n=(-0.71, 0.0, 0.71)  x -0.04..-0.02  y 4.89..5.07  z 6.19..6.21
n=(0.58, 0.58, 0.58)  x -0.04..-0.02  y 5.07..5.09  z 6.19..6.21
n=(-0.58, 0.58, 0.58)  x -0.04..-0.02  y 5.07..5.09  z 6.19..6.21
n=(0.71, 0.71, 0.0)  x 0.02..0.04  y 5.06..5.08  z 6.19..6.89
n=(1.0, 0.0, 0.0)  x 0.04..0.04  y 4.90..5.06  z 6.19..6.89
n=(0.71, 0.71, 0.0)  x -0.49..-0.49  y 3.18..3.19  z 6.34..6.47
n=(0.71, 0.71, 0.0)  x -0.49..-0.49  y 3.18..3.19  z 6.56..6.68
n=(0.71, 0.71, 0.0)  x -0.49..-0.49  y 3.18..3.19  z 6.77..6.90
n=(0.71, 0.0, -0.71)  x -0.04..-0.02  y 4.89..5.07  z 6.86..6.88
n=(-0.71, 0.0, -0.71)  x -0.04..-0.02  y 4.89..5.07  z 6.86..6.88
n=(0.58, 0.58, -0.58)  x -0.04..-0.02  y 5.07..5.09  z 6.86..6.88
n=(-0.58, 0.58, -0.58)  x -0.04..-0.02  y 5.07..5.09  z 6.86..6.88
n=(0.0, 0.0, 1.0)  x -3.87..3.59  y 4.96..5.00  z 6.88..6.88
n=(-1.0, 0.0, 0.0)  x -0.04..-0.04  y 4.89..5.07  z 6.88..6.99
n=(0.71, 0.71, 0.0)  x -0.04..-0.02  y 5.07..5.09  z 6.88..6.99
n=(-0.71, 0.71, 0.0)  x -0.04..-0.02  y 5.07..5.09  z 6.88..6.99
n=(1.0, 0.0, 0.0)  x -0.02..-0.02  y 4.89..5.07  z 6.88..6.99
n=(-0.71, 0.0, 0.71)  x -1.08..-1.06  y 4.90..5.06  z 6.89..6.91
n=(-0.58, 0.58, 0.58)  x -1.08..-1.06  y 5.06..5.08  z 6.89..6.91
n=(0.0, 0.71, 0.71)  x -1.06..-0.95  y 5.06..5.08  z 6.89..6.91
n=(0.71, 0.0, 0.71)  x -0.95..-0.93  y 4.90..5.06  z 6.89..6.91
n=(0.58, 0.58, 0.58)  x -0.95..-0.93  y 5.06..5.08  z 6.89..6.91
n=(-0.71, 0.0, 0.71)  x -0.11..-0.09  y 4.90..5.06  z 6.89..6.91
n=(-0.58, 0.58, 0.58)  x -0.11..-0.09  y 5.06..5.08  z 6.89..6.91
n=(0.0, 0.71, 0.71)  x -0.09..0.02  y 5.06..5.08  z 6.89..6.91
n=(0.71, 0.0, 0.71)  x 0.02..0.04  y 4.90..5.06  z 6.89..6.91
n=(0.58, 0.58, 0.58)  x 0.02..0.04  y 5.06..5.08  z 6.89..6.91
n=(0.0, 0.0, 1.0)  x -1.06..-0.95  y 4.90..5.06  z 6.91..6.91
n=(0.0, 0.0, 1.0)  x -0.09..0.02  y 4.90..5.06  z 6.91..6.91
n=(1.0, 0.0, 0.0)  x -0.49..-0.49  y 3.16..3.20  z 6.99..7.04
n=(0.58, 0.58, 0.58)  x -0.04..-0.02  y 5.07..5.09  z 6.99..7.01
n=(-0.58, 0.58, 0.58)  x -0.04..-0.02  y 5.07..5.09  z 6.99..7.01
n=(1.0, 0.0, 0.0)  x -0.49..-0.49  y 3.16..3.20  z 7.08..7.13
-- TRIM_01 (12) --
n=(-0.58, 0.58, 0.58)  x -1.15..-1.13  y 5.06..5.08  z 6.11..6.13
n=(0.0, 0.71, 0.71)  x -1.13..-1.10  y 5.06..5.08  z 6.11..6.13
n=(0.58, 0.58, 0.58)  x -1.10..-1.08  y 5.06..5.08  z 6.11..6.13
n=(-0.58, 0.58, 0.58)  x -0.66..-0.64  y 5.06..5.08  z 6.11..6.13
n=(0.0, 0.71, 0.71)  x -0.64..-0.61  y 5.06..5.08  z 6.11..6.13
n=(0.58, 0.58, 0.58)  x -0.61..-0.59  y 5.06..5.08  z 6.11..6.13
n=(-0.58, 0.58, 0.58)  x -0.13..-0.11  y 5.06..5.08  z 6.11..6.13
n=(0.0, 0.71, 0.71)  x -0.11..-0.08  y 5.06..5.08  z 6.11..6.13
n=(0.58, 0.58, 0.58)  x -0.08..-0.06  y 5.06..5.08  z 6.11..6.13
n=(-0.58, 0.58, 0.58)  x 0.11..0.13  y 5.06..5.08  z 6.11..6.13
n=(0.0, 0.71, 0.71)  x 0.13..0.16  y 5.06..5.08  z 6.11..6.13
n=(0.58, 0.58, 0.58)  x 0.16..0.18  y 5.06..5.08  z 6.11..6.13
-- WALL_01 (224) --
n=(0.0, -0.0, 1.0)  x -1.72..-1.44  y 3.21..4.80  z 5.60..5.60
n=(-0.58, -0.58, -0.58)  x -1.43..-1.42  y 3.21..3.21  z 5.73..5.74
n=(-0.71, 0.0, -0.71)  x -1.43..-1.42  y 3.21..4.80  z 5.73..5.74
n=(-0.58, 0.58, -0.58)  x -1.43..-1.42  y 4.80..4.81  z 5.73..5.74
n=(0.0, 0.0, -1.0)  x -1.42..-1.13  y 3.21..4.80  z 5.73..5.73
n=(0.0, -0.71, -0.71)  x -1.42..-1.13  y 3.21..3.21  z 5.73..5.74
n=(0.0, 0.71, -0.71)  x -1.42..-1.13  y 4.80..4.81  z 5.73..5.74
n=(0.58, -0.58, -0.58)  x -1.13..-1.12  y 3.21..3.21  z 5.73..5.74
n=(0.71, 0.0, -0.71)  x -1.13..-1.12  y 3.21..4.80  z 5.73..5.74
n=(0.58, 0.58, -0.58)  x -1.13..-1.12  y 4.80..4.81  z 5.73..5.74
n=(-1.0, 0.0, 0.0)  x -1.43..-1.43  y 3.21..4.80  z 5.74..5.79
n=(-0.71, -0.71, 0.0)  x -1.43..-1.42  y 3.21..3.21  z 5.74..5.79
n=(-0.71, 0.71, 0.0)  x -1.43..-1.42  y 4.80..4.81  z 5.74..5.79
n=(0.0, -1.0, 0.0)  x -1.42..-1.13  y 3.21..3.21  z 5.74..5.79
n=(0.0, 1.0, 0.0)  x -1.42..-1.13  y 4.81..4.81  z 5.74..5.79
n=(0.71, -0.71, 0.0)  x -1.13..-1.12  y 3.21..3.21  z 5.74..5.79
n=(0.71, 0.71, 0.0)  x -1.13..-1.12  y 4.80..4.81  z 5.74..5.79
n=(1.0, 0.0, 0.0)  x -1.12..-1.12  y 3.21..4.80  z 5.74..5.79
n=(-0.58, -0.58, 0.58)  x -1.43..-1.42  y 3.21..3.21  z 5.79..5.80
n=(-0.71, 0.0, 0.71)  x -1.43..-1.42  y 3.21..4.80  z 5.79..5.80
n=(-0.58, 0.58, 0.58)  x -1.43..-1.42  y 4.80..4.81  z 5.79..5.80
n=(0.0, -0.71, 0.71)  x -1.42..-1.13  y 3.21..3.21  z 5.79..5.80
n=(0.0, 0.71, 0.71)  x -1.42..-1.13  y 4.80..4.81  z 5.79..5.80
n=(0.58, -0.58, 0.58)  x -1.13..-1.12  y 3.21..3.21  z 5.79..5.80
n=(0.71, 0.0, 0.71)  x -1.13..-1.12  y 3.21..4.80  z 5.79..5.80
n=(0.58, 0.58, 0.58)  x -1.13..-1.12  y 4.80..4.81  z 5.79..5.80
n=(0.0, 0.0, 1.0)  x -1.42..-1.13  y 3.21..4.80  z 5.80..5.80
n=(-0.58, -0.58, -0.58)  x -1.12..-1.11  y 3.21..3.21  z 5.93..5.94
n=(-0.71, 0.0, -0.71)  x -1.12..-1.11  y 3.21..4.80  z 5.93..5.94
n=(-0.58, 0.58, -0.58)  x -1.12..-1.11  y 4.80..4.81  z 5.93..5.94
n=(0.0, 0.0, -1.0)  x -1.11..-0.83  y 3.21..4.80  z 5.93..5.93
n=(0.0, -0.71, -0.71)  x -1.11..-0.83  y 3.21..3.21  z 5.93..5.94
n=(0.0, 0.71, -0.71)  x -1.11..-0.83  y 4.80..4.81  z 5.93..5.94
n=(0.58, -0.58, -0.58)  x -0.83..-0.82  y 3.21..3.21  z 5.93..5.94
n=(0.71, 0.0, -0.71)  x -0.83..-0.82  y 3.21..4.80  z 5.93..5.94
n=(0.58, 0.58, -0.58)  x -0.83..-0.82  y 4.80..4.81  z 5.93..5.94
n=(-1.0, 0.0, 0.0)  x -1.12..-1.12  y 3.21..4.80  z 5.94..5.98
n=(-0.71, -0.71, 0.0)  x -1.12..-1.11  y 3.21..3.21  z 5.94..5.98
n=(-0.71, 0.71, 0.0)  x -1.12..-1.11  y 4.80..4.81  z 5.94..5.98
n=(0.0, -1.0, 0.0)  x -1.11..-0.83  y 3.21..3.21  z 5.94..5.98
n=(0.0, 1.0, 0.0)  x -1.11..-0.83  y 4.81..4.81  z 5.94..5.98
n=(0.71, -0.71, 0.0)  x -0.83..-0.82  y 3.21..3.21  z 5.94..5.98
n=(0.71, 0.71, 0.0)  x -0.83..-0.82  y 4.80..4.81  z 5.94..5.98
n=(1.0, 0.0, 0.0)  x -0.82..-0.82  y 3.21..4.80  z 5.94..5.98
n=(-0.58, -0.58, 0.58)  x -1.12..-1.11  y 3.21..3.21  z 5.98..5.99
n=(-0.71, -0.0, 0.71)  x -1.12..-1.11  y 3.21..4.80  z 5.98..5.99
n=(-0.58, 0.58, 0.58)  x -1.12..-1.11  y 4.80..4.81  z 5.98..5.99
n=(0.0, -0.71, 0.71)  x -1.11..-0.83  y 3.21..3.21  z 5.98..5.99
n=(0.0, 0.71, 0.71)  x -1.11..-0.83  y 4.80..4.81  z 5.98..5.99
n=(0.58, -0.58, 0.58)  x -0.83..-0.82  y 3.21..3.21  z 5.98..5.99
n=(0.71, -0.0, 0.71)  x -0.83..-0.82  y 3.21..4.80  z 5.98..5.99
n=(0.58, 0.58, 0.58)  x -0.83..-0.82  y 4.80..4.81  z 5.98..5.99
n=(0.0, 0.0, 1.0)  x -1.11..-0.83  y 3.21..4.80  z 5.99..5.99
n=(0.58, -0.58, -0.58)  x -0.04..-0.02  y 4.87..4.89  z 6.06..6.08
n=(-0.58, -0.58, -0.58)  x -0.04..-0.02  y 4.87..4.89  z 6.06..6.08
n=(0.0, 0.0, 1.0)  x -1.66..1.42  y 4.96..5.00  z 6.09..6.09
n=(0.58, -0.58, -0.58)  x -0.44..-0.43  y 3.13..3.14  z 6.10..6.11
n=(0.71, 0.0, -0.71)  x -0.44..-0.43  y 3.14..3.21  z 6.10..6.11
n=(0.58, 0.58, -0.58)  x -0.44..-0.43  y 3.21..3.22  z 6.10..6.11
n=(0.0, 0.0, -1.0)  x -3.67..3.66  y 2.69..2.92  z 6.11..6.11
n=(0.0, 0.71, -0.71)  x -3.67..3.66  y 2.92..2.93  z 6.11..6.13
n=(0.0, -0.71, -0.71)  x -3.67..3.66  y 2.93..2.95  z 6.11..6.13
n=(0.0, 0.0, -1.0)  x -3.67..3.66  y 2.95..3.18  z 6.11..6.11
n=(0.0, 0.71, -0.7)  x -3.67..3.66  y 3.18..3.19  z 6.11..6.13
n=(-0.58, -0.58, 0.58)  x -1.15..-1.13  y 4.88..4.90  z 6.11..6.13
n=(-0.71, 0.0, 0.71)  x -1.15..-1.13  y 4.90..5.06  z 6.11..6.13
n=(0.0, -0.71, 0.71)  x -1.13..-1.10  y 4.88..4.90  z 6.11..6.13
n=(0.58, -0.58, 0.58)  x -1.10..-1.08  y 4.88..4.90  z 6.11..6.13
n=(0.71, 0.0, 0.71)  x -1.10..-1.08  y 4.90..5.06  z 6.11..6.13
n=(-0.58, -0.58, 0.58)  x -0.66..-0.64  y 4.88..4.90  z 6.11..6.13
n=(-0.71, 0.0, 0.71)  x -0.66..-0.64  y 4.90..5.06  z 6.11..6.13
n=(0.0, -0.71, 0.71)  x -0.64..-0.61  y 4.88..4.90  z 6.11..6.13
n=(0.58, -0.58, 0.58)  x -0.61..-0.59  y 4.88..4.90  z 6.11..6.13
n=(0.71, 0.0, 0.71)  x -0.61..-0.59  y 4.90..5.06  z 6.11..6.13
n=(-0.58, -0.58, -0.58)  x -0.53..-0.51  y 3.19..3.21  z 6.11..6.13
n=(-0.71, 0.0, -0.71)  x -0.53..-0.51  y 3.21..3.44  z 6.11..6.13
n=(-0.58, 0.58, -0.58)  x -0.53..-0.51  y 3.44..3.46  z 6.11..6.13
n=(-0.57, -0.58, -0.57)  x -0.53..-0.51  y 3.46..3.47  z 6.11..6.13
n=(-0.71, 0.0, -0.71)  x -0.53..-0.51  y 3.47..3.70  z 6.11..6.13
n=(-0.58, 0.58, -0.58)  x -0.53..-0.51  y 3.70..3.72  z 6.11..6.13
n=(-0.58, -0.58, -0.58)  x -0.53..-0.51  y 3.72..3.73  z 6.11..6.13
n=(-0.71, 0.0, -0.71)  x -0.53..-0.51  y 3.73..3.96  z 6.11..6.13
n=(-0.58, 0.58, -0.58)  x -0.53..-0.51  y 3.96..3.98  z 6.11..6.13
n=(-0.58, -0.58, -0.58)  x -0.53..-0.51  y 3.98..3.99  z 6.11..6.13
n=(-0.71, 0.0, -0.71)  x -0.53..-0.51  y 3.99..4.22  z 6.11..6.13
n=(-0.58, 0.58, -0.58)  x -0.53..-0.51  y 4.22..4.24  z 6.11..6.13
n=(-0.58, -0.58, -0.58)  x -0.53..-0.51  y 4.24..4.26  z 6.11..6.13
n=(-0.71, 0.0, -0.71)  x -0.53..-0.51  y 4.26..4.49  z 6.11..6.13
n=(-0.58, 0.58, -0.58)  x -0.53..-0.51  y 4.49..4.50  z 6.11..6.13
n=(-0.57, -0.6, -0.57)  x -0.53..-0.51  y 4.50..4.52  z 6.11..6.13
n=(-0.71, 0.0, -0.71)  x -0.53..-0.51  y 4.52..4.75  z 6.11..6.13
n=(-0.58, 0.58, -0.58)  x -0.53..-0.51  y 4.75..4.76  z 6.11..6.13
n=(-0.58, -0.58, -0.58)  x -0.53..-0.51  y 4.76..4.78  z 6.11..6.13
n=(-0.71, 0.0, -0.71)  x -0.53..-0.51  y 4.78..4.93  z 6.11..6.13
n=(-0.58, 0.58, -0.58)  x -0.53..-0.51  y 4.93..4.95  z 6.11..6.13
n=(-0.58, -0.58, 0.58)  x -0.13..-0.11  y 4.88..4.90  z 6.11..6.13
n=(-0.71, 0.0, 0.71)  x -0.13..-0.11  y 4.90..5.06  z 6.11..6.13
n=(0.0, -0.71, 0.71)  x -0.11..-0.08  y 4.88..4.90  z 6.11..6.13
n=(0.58, -0.58, 0.58)  x -0.08..-0.06  y 4.88..4.90  z 6.11..6.13
n=(0.71, 0.0, 0.71)  x -0.08..-0.06  y 4.90..5.06  z 6.11..6.13
n=(-0.58, -0.58, 0.58)  x 0.11..0.13  y 4.88..4.90  z 6.11..6.13
n=(-0.71, 0.0, 0.71)  x 0.11..0.13  y 4.90..5.06  z 6.11..6.13
n=(0.0, -0.71, 0.71)  x 0.13..0.16  y 4.88..4.90  z 6.11..6.13
n=(0.58, -0.58, 0.58)  x 0.16..0.18  y 4.88..4.90  z 6.11..6.13
n=(0.71, 0.0, 0.71)  x 0.16..0.18  y 4.90..5.06  z 6.11..6.13
n=(-0.58, -0.58, -0.58)  x -0.82..-0.81  y 3.21..3.21  z 6.12..6.13
n=(-0.71, 0.0, -0.71)  x -0.82..-0.81  y 3.21..4.80  z 6.12..6.13
n=(-0.58, 0.58, -0.58)  x -0.82..-0.81  y 4.80..4.81  z 6.12..6.13
n=(0.0, 0.0, -1.0)  x -0.81..-0.53  y 3.21..4.80  z 6.12..6.12
n=(0.0, -0.71, -0.71)  x -0.81..-0.53  y 3.21..3.21  z 6.12..6.13
n=(0.0, 0.71, -0.71)  x -0.81..-0.53  y 4.80..4.81  z 6.12..6.13
n=(0.58, -0.58, -0.58)  x -0.53..-0.52  y 3.21..3.21  z 6.12..6.13
n=(0.71, 0.0, -0.71)  x -0.53..-0.52  y 3.21..4.80  z 6.12..6.13
n=(0.58, 0.58, -0.58)  x -0.53..-0.52  y 4.80..4.81  z 6.12..6.13
n=(0.0, 0.0, 1.0)  x -1.13..-1.10  y 4.90..5.06  z 6.13..6.13
n=(-1.0, 0.0, 0.0)  x -0.82..-0.82  y 3.21..4.80  z 6.13..6.18
n=(-0.71, 0.71, 0.0)  x -0.82..-0.81  y 4.80..4.81  z 6.13..6.18
n=(0.0, 0.0, 1.0)  x -0.64..-0.61  y 4.90..5.06  z 6.13..6.13
n=(1.0, 0.0, 0.0)  x -0.52..-0.52  y 3.21..4.80  z 6.13..6.18
n=(0.0, 0.0, 1.0)  x -0.11..-0.08  y 4.90..5.06  z 6.13..6.13
n=(0.0, 0.0, 1.0)  x 0.13..0.16  y 4.90..5.06  z 6.13..6.13
n=(0.0, -1.0, 0.0)  x -3.87..3.59  y 4.96..4.96  z 6.17..6.88
n=(-0.58, -0.58, -0.58)  x -1.08..-1.06  y 4.88..4.90  z 6.17..6.19
n=(0.0, -0.71, -0.71)  x -1.06..-0.95  y 4.88..4.90  z 6.17..6.19
n=(0.58, -0.58, -0.58)  x -0.95..-0.93  y 4.88..4.90  z 6.17..6.19
n=(-0.58, -0.58, -0.58)  x -0.11..-0.09  y 4.88..4.90  z 6.17..6.19
n=(0.0, -0.71, -0.71)  x -0.09..0.02  y 4.88..4.90  z 6.17..6.19
n=(0.58, -0.58, -0.58)  x 0.02..0.04  y 4.88..4.90  z 6.17..6.19
n=(-0.2, -0.38, 0.9)  x -1.00..-0.96  y 3.12..3.14  z 6.18..6.19
n=(-0.32, -0.0, 0.95)  x -1.00..-0.97  y 3.13..3.21  z 6.18..6.19
n=(-0.2, 0.38, 0.9)  x -1.00..-0.96  y 3.20..3.22  z 6.18..6.19
n=(-0.2, -0.38, 0.9)  x -1.00..-0.96  y 4.79..4.81  z 6.18..6.19
n=(-0.32, -0.0, 0.95)  x -1.00..-0.97  y 4.80..4.88  z 6.18..6.19
n=(-0.2, 0.38, 0.9)  x -1.00..-0.96  y 4.87..4.89  z 6.18..6.19
n=(-0.0, -0.59, 0.81)  x -0.98..-0.45  y 3.12..3.13  z 6.18..6.19
n=(-0.0, 0.59, 0.81)  x -0.98..-0.45  y 3.21..3.22  z 6.18..6.19
n=(-0.0, -0.59, 0.81)  x -0.98..-0.45  y 4.79..4.80  z 6.18..6.19
n=(-0.0, 0.59, 0.81)  x -0.98..-0.45  y 4.88..4.89  z 6.18..6.19
n=(-0.58, -0.58, 0.58)  x -0.82..-0.81  y 3.21..3.21  z 6.18..6.19
n=(-0.71, 0.0, 0.71)  x -0.82..-0.81  y 3.21..4.80  z 6.18..6.19
n=(-0.58, 0.58, 0.58)  x -0.82..-0.81  y 4.80..4.81  z 6.18..6.19
n=(0.0, -0.71, 0.71)  x -0.81..-0.53  y 3.21..3.21  z 6.18..6.19
n=(0.0, 0.71, 0.71)  x -0.81..-0.53  y 4.80..4.81  z 6.18..6.19
n=(0.58, -0.58, 0.58)  x -0.53..-0.52  y 3.21..3.21  z 6.18..6.19
n=(0.71, 0.0, 0.71)  x -0.53..-0.52  y 3.21..4.80  z 6.18..6.19
n=(0.58, 0.58, 0.58)  x -0.53..-0.52  y 4.80..4.81  z 6.18..6.19
n=(0.39, -0.73, 0.56)  x -0.46..-0.44  y 3.12..3.14  z 6.18..6.19
n=(0.39, 0.73, 0.56)  x -0.46..-0.44  y 3.20..3.22  z 6.18..6.19
n=(0.39, -0.73, 0.56)  x -0.46..-0.44  y 4.79..4.81  z 6.18..6.19
n=(0.39, 0.73, 0.56)  x -0.46..-0.44  y 4.87..4.89  z 6.18..6.19
n=(0.58, -0.58, 0.58)  x -0.44..-0.43  y 3.13..3.14  z 6.18..6.19
n=(0.99, 0.0, -0.13)  x -0.44..-0.44  y 3.13..3.21  z 6.18..6.19
n=(0.71, 0.0, 0.71)  x -0.44..-0.43  y 3.14..3.21  z 6.18..6.19
n=(0.58, 0.58, 0.58)  x -0.44..-0.43  y 3.21..3.22  z 6.18..6.19
n=(0.99, 0.0, -0.13)  x -0.44..-0.44  y 4.80..4.88  z 6.18..6.19
n=(-0.71, -0.71, 0.0)  x -1.08..-1.06  y 4.88..4.90  z 6.19..6.89
n=(0.0, -1.0, 0.0)  x -1.06..-0.95  y 4.88..4.88  z 6.19..6.89
n=(-0.0, -0.0, 1.0)  x -0.97..-0.44  y 3.13..3.21  z 6.19..6.19
n=(-0.0, -0.0, 1.0)  x -0.97..-0.44  y 4.80..4.88  z 6.19..6.19
n=(0.71, -0.71, 0.0)  x -0.95..-0.93  y 4.88..4.90  z 6.19..6.89
n=(0.0, 0.0, 1.0)  x -0.81..-0.53  y 3.21..4.80  z 6.19..6.19
n=(-0.71, -0.71, 0.0)  x -0.11..-0.09  y 4.88..4.90  z 6.19..6.89
n=(0.0, -1.0, 0.0)  x -0.09..0.02  y 4.88..4.88  z 6.19..6.89
n=(0.58, -0.58, 0.58)  x -0.04..-0.02  y 4.87..4.89  z 6.19..6.21
n=(-0.58, -0.58, 0.58)  x -0.04..-0.02  y 4.87..4.89  z 6.19..6.21
n=(0.71, -0.71, 0.0)  x 0.02..0.04  y 4.88..4.90  z 6.19..6.89
n=(0.58, -0.58, -0.58)  x -0.49..-0.49  y 3.17..3.18  z 6.34..6.34
n=(0.71, -0.71, 0.0)  x -0.49..-0.49  y 3.17..3.18  z 6.34..6.47
n=(1.0, 0.0, 0.0)  x -0.49..-0.49  y 3.18..3.18  z 6.34..6.47
n=(0.58, 0.58, -0.58)  x -0.49..-0.49  y 3.18..3.19  z 6.34..6.34
n=(0.71, 0.0, -0.71)  x -0.49..-0.49  y 3.18..3.18  z 6.34..6.34
n=(0.58, -0.58, 0.58)  x -0.49..-0.49  y 3.17..3.18  z 6.47..6.48
n=(0.58, 0.58, 0.58)  x -0.49..-0.49  y 3.18..3.19  z 6.47..6.48
n=(0.71, 0.0, 0.71)  x -0.49..-0.49  y 3.18..3.18  z 6.47..6.48
n=(0.58, -0.58, -0.58)  x -0.49..-0.49  y 3.17..3.18  z 6.55..6.56
n=(0.58, 0.58, -0.58)  x -0.49..-0.49  y 3.18..3.19  z 6.55..6.56
n=(0.71, 0.0, -0.71)  x -0.49..-0.49  y 3.18..3.18  z 6.55..6.56
n=(0.71, -0.71, 0.0)  x -0.49..-0.49  y 3.17..3.18  z 6.56..6.68
n=(1.0, 0.0, 0.0)  x -0.49..-0.49  y 3.18..3.18  z 6.56..6.68
n=(0.58, -0.58, 0.58)  x -0.49..-0.49  y 3.17..3.18  z 6.68..6.69
n=(0.58, 0.58, 0.58)  x -0.49..-0.49  y 3.18..3.19  z 6.68..6.69
n=(0.71, 0.0, 0.71)  x -0.49..-0.49  y 3.18..3.18  z 6.68..6.69
n=(0.58, -0.58, -0.58)  x -0.49..-0.49  y 3.17..3.18  z 6.77..6.77
n=(0.71, -0.71, 0.0)  x -0.49..-0.49  y 3.17..3.18  z 6.77..6.90
n=(1.0, 0.0, 0.0)  x -0.49..-0.49  y 3.18..3.18  z 6.77..6.90
n=(0.58, 0.58, -0.58)  x -0.49..-0.49  y 3.18..3.19  z 6.77..6.77
n=(0.71, 0.0, -0.71)  x -0.49..-0.49  y 3.18..3.18  z 6.77..6.77
n=(0.58, -0.58, -0.58)  x -0.04..-0.02  y 4.87..4.89  z 6.86..6.88
n=(-0.58, -0.58, -0.58)  x -0.04..-0.02  y 4.87..4.89  z 6.86..6.88
n=(0.71, -0.71, 0.0)  x -0.04..-0.02  y 4.87..4.89  z 6.88..6.99
n=(-0.71, -0.71, 0.0)  x -0.04..-0.02  y 4.87..4.89  z 6.88..6.99
n=(-0.58, -0.58, 0.58)  x -1.08..-1.06  y 4.88..4.90  z 6.89..6.91
n=(0.0, -0.71, 0.71)  x -1.06..-0.95  y 4.88..4.90  z 6.89..6.91
n=(0.58, -0.58, 0.58)  x -0.95..-0.93  y 4.88..4.90  z 6.89..6.91
n=(-0.58, -0.58, 0.58)  x -0.11..-0.09  y 4.88..4.90  z 6.89..6.91
n=(0.0, -0.71, 0.71)  x -0.09..0.02  y 4.88..4.90  z 6.89..6.91
n=(0.58, -0.58, 0.58)  x 0.02..0.04  y 4.88..4.90  z 6.89..6.91
n=(0.58, -0.58, 0.58)  x -0.49..-0.49  y 3.17..3.18  z 6.90..6.90
n=(0.58, 0.58, 0.58)  x -0.49..-0.49  y 3.18..3.19  z 6.90..6.90
n=(0.71, 0.0, 0.71)  x -0.49..-0.49  y 3.18..3.18  z 6.90..6.90
n=(-0.0, -0.73, -0.69)  x 0.23..0.47  y 4.95..5.26  z 6.94..7.26
n=(-0.71, -0.51, -0.48)  x -1.24..-1.24  y 4.95..5.25  z 6.95..7.27
n=(0.71, -0.51, -0.49)  x -1.49..-1.49  y 4.95..5.24  z 6.96..7.27
n=(0.71, -0.51, -0.49)  x 0.47..0.47  y 4.95..5.24  z 6.96..7.27
n=(0.58, -0.58, -0.58)  x -0.49..-0.49  y 3.15..3.16  z 6.99..6.99
n=(0.71, -0.71, 0.0)  x -0.49..-0.49  y 3.15..3.16  z 6.99..7.04
n=(0.71, 0.0, -0.71)  x -0.49..-0.49  y 3.16..3.20  z 6.99..6.99
n=(0.58, 0.58, -0.58)  x -0.49..-0.49  y 3.20..3.20  z 6.99..6.99
n=(0.71, 0.71, 0.0)  x -0.49..-0.49  y 3.20..3.20  z 6.99..7.04
n=(0.58, -0.58, 0.58)  x -0.04..-0.02  y 4.87..4.89  z 6.99..7.01
n=(-0.58, -0.58, 0.58)  x -0.04..-0.02  y 4.87..4.89  z 6.99..7.01
n=(0.71, 0.0, 0.71)  x -0.04..-0.02  y 4.89..5.07  z 6.99..7.01
n=(-0.71, 0.0, 0.71)  x -0.04..-0.02  y 4.89..5.07  z 6.99..7.01
n=(0.58, -0.58, 0.58)  x -0.49..-0.49  y 3.15..3.16  z 7.04..7.05
n=(0.71, 0.0, 0.71)  x -0.49..-0.49  y 3.16..3.20  z 7.04..7.05
n=(0.58, 0.58, 0.58)  x -0.49..-0.49  y 3.20..3.20  z 7.04..7.05
n=(0.58, -0.58, -0.58)  x -0.49..-0.49  y 3.15..3.16  z 7.07..7.08
n=(0.71, 0.0, -0.71)  x -0.49..-0.49  y 3.16..3.20  z 7.07..7.08
n=(0.58, 0.58, -0.58)  x -0.49..-0.49  y 3.20..3.20  z 7.07..7.08
n=(0.71, -0.71, 0.0)  x -0.49..-0.49  y 3.15..3.16  z 7.08..7.13
n=(0.71, 0.71, 0.0)  x -0.49..-0.49  y 3.20..3.20  z 7.08..7.13
n=(0.58, -0.58, 0.58)  x -0.49..-0.49  y 3.15..3.16  z 7.13..7.13
n=(0.71, 0.0, 0.71)  x -0.49..-0.49  y 3.16..3.20  z 7.13..7.13
n=(0.58, 0.58, 0.58)  x -0.49..-0.49  y 3.20..3.20  z 7.13..7.13
-- WINDOW_01 (26) --
n=(-0.58, -0.58, -0.58)  x -0.51..-0.50  y 3.15..3.16  z 6.18..6.19
n=(-0.71, 0.0, -0.71)  x -0.51..-0.50  y 3.16..3.20  z 6.18..6.19
n=(-0.58, 0.58, -0.58)  x -0.51..-0.50  y 3.20..3.21  z 6.18..6.19
n=(0.0, -0.71, -0.71)  x -0.50..-0.46  y 3.15..3.16  z 6.18..6.19
n=(0.0, 0.0, -1.0)  x -0.50..-0.46  y 3.16..3.20  z 6.18..6.18
n=(0.0, 0.71, -0.71)  x -0.50..-0.46  y 3.20..3.21  z 6.18..6.19
n=(0.58, -0.58, -0.58)  x -0.46..-0.46  y 3.15..3.16  z 6.18..6.19
n=(0.71, 0.0, -0.71)  x -0.46..-0.46  y 3.16..3.20  z 6.18..6.19
n=(0.58, 0.58, -0.58)  x -0.46..-0.46  y 3.20..3.21  z 6.18..6.19
n=(-0.71, -0.71, 0.0)  x -0.51..-0.50  y 3.15..3.16  z 6.19..7.17
n=(-1.0, 0.0, 0.0)  x -0.51..-0.51  y 3.16..3.20  z 6.19..7.17
n=(-0.71, 0.71, 0.0)  x -0.51..-0.50  y 3.20..3.21  z 6.19..7.17
n=(0.0, -1.0, 0.0)  x -0.50..-0.46  y 3.15..3.15  z 6.19..7.17
n=(0.0, 1.0, 0.0)  x -0.50..-0.46  y 3.21..3.21  z 6.19..7.17
n=(0.71, -0.71, 0.0)  x -0.46..-0.46  y 3.15..3.16  z 6.19..7.17
n=(1.0, 0.0, 0.0)  x -0.46..-0.46  y 3.16..3.20  z 6.19..7.17
n=(0.71, 0.71, 0.0)  x -0.46..-0.46  y 3.20..3.21  z 6.19..7.17
n=(-0.58, -0.58, 0.58)  x -0.51..-0.50  y 3.15..3.16  z 7.17..7.18
n=(-0.71, 0.0, 0.71)  x -0.51..-0.50  y 3.16..3.20  z 7.17..7.18
n=(-0.58, 0.58, 0.58)  x -0.51..-0.50  y 3.20..3.21  z 7.17..7.18
n=(0.0, -0.71, 0.71)  x -0.50..-0.46  y 3.15..3.16  z 7.17..7.18
n=(0.0, 0.71, 0.71)  x -0.50..-0.46  y 3.20..3.21  z 7.17..7.18
n=(0.58, -0.58, 0.58)  x -0.46..-0.46  y 3.15..3.16  z 7.17..7.18
n=(0.71, 0.0, 0.71)  x -0.46..-0.46  y 3.16..3.20  z 7.17..7.18
n=(0.58, 0.58, 0.58)  x -0.46..-0.46  y 3.20..3.21  z 7.17..7.18
n=(0.0, 0.0, 1.0)  x -0.50..-0.46  y 3.16..3.20  z 7.18..7.18

== E. 平台(x=-0.7)向南射线 ==
x=-1.1 z=6.4: y_hit=3.19
x=-0.7 z=6.4: y_hit=3.19
x=-0.3 z=6.4: y_hit=-0.92
x=0.1 z=6.4: y_hit=-0.92
x=-1.1 z=7.0: y_hit=3.20
x=-0.7 z=7.0: y_hit=3.20
x=-0.3 z=7.0: y_hit=-0.85
x=0.1 z=7.0: y_hit=-0.85
x=-1.1 z=7.6: y_hit=-0.63
x=-0.7 z=7.6: y_hit=-0.63
x=-0.3 z=7.6: y_hit=-0.63
x=0.1 z=7.6: y_hit=4.60
Blender 5.1.2 (hash ec6e62d40fa9 built 2026-05-19 01:37:34)

Blender quit
