PASS  室外中午 sun 满强度  (2)
PASS  室外窗光归零  (0)
PASS  室外顶灯关  (0)
PASS  室外玻璃中午亮蓝  (bfe3ff)
PASS  客厅无直射阳光  (0)
PASS  客厅 ambient 偏暗(0.4×0.75)  (0.30000000000000004)
PASS  客厅窗光中午主光源(1.5×1.3)  (1.9500000000000002)
PASS  客厅窗光位姿按场景配置  (0,2.2,7.5)
PASS  客厅顶灯中午关  (0)
PASS  客厅顶灯位姿按场景配置  (0,2.4,2.5)
PASS  窗景片中午亮蓝  (bfe3ff)
PASS  客厅傍晚窗光减弱(0.6×1.3)  (0.78)
PASS  客厅傍晚顶灯渐开(1.0×1.6)  (1.6)
PASS  窗景片傍晚橙  (ff8a50)
PASS  客厅夜晚窗光灭  (0)
PASS  客厅夜晚顶灯全开(1.5×1.6)  (2.4000000000000004)
PASS  窗景片夜晚深蓝  (10204a)
PASS  室外夜晚顶灯归零  (0)
PASS  室外夜晚无窗光  (0)
PASS  室外玻璃夜晚深蓝  (10204a)
PASS  切回室外 sun 恢复  (2)
PASS  切回室外顶灯仍关  (0)

LIGHTING E2E PASS
